Archive member included because of file (symbol)

c:/program files (x86)/atmel/avr tools/avr toolchain/bin/../lib/gcc/avr/4.5.1/avr6\libgcc.a(_mulsi3.o)
                              behaviors.o (__mulsi3)
c:/program files (x86)/atmel/avr tools/avr toolchain/bin/../lib/gcc/avr/4.5.1/avr6\libgcc.a(_udivmodhi4.o)
                              natives.o (__udivmodhi4)
c:/program files (x86)/atmel/avr tools/avr toolchain/bin/../lib/gcc/avr/4.5.1/avr6\libgcc.a(_divmodhi4.o)
                              behaviors.o (__divmodhi4)
c:/program files (x86)/atmel/avr tools/avr toolchain/bin/../lib/gcc/avr/4.5.1/avr6\libgcc.a(_divmodsi4.o)
                              natives.o (__divmodsi4)
c:/program files (x86)/atmel/avr tools/avr toolchain/bin/../lib/gcc/avr/4.5.1/avr6\libgcc.a(_exit.o)
                              c:/program files (x86)/atmel/avr tools/avr toolchain/bin/../lib/gcc/avr/4.5.1/../../../../avr/lib/avr6/crtm2560.o (exit)
c:/program files (x86)/atmel/avr tools/avr toolchain/bin/../lib/gcc/avr/4.5.1/avr6\libgcc.a(_copy_data.o)
                              elisa3aseba.o (__do_copy_data)
c:/program files (x86)/atmel/avr tools/avr toolchain/bin/../lib/gcc/avr/4.5.1/avr6\libgcc.a(_clear_bss.o)
                              elisa3aseba.o (__do_clear_bss)
c:/program files (x86)/atmel/avr tools/avr toolchain/bin/../lib/gcc/avr/4.5.1/avr6\libgcc.a(_mul_sf.o)
                              sensors.o (__mulsf3)
c:/program files (x86)/atmel/avr tools/avr toolchain/bin/../lib/gcc/avr/4.5.1/avr6\libgcc.a(_si_to_sf.o)
                              sensors.o (__floatsisf)
c:/program files (x86)/atmel/avr tools/avr toolchain/bin/../lib/gcc/avr/4.5.1/avr6\libgcc.a(_sf_to_si.o)
                              sensors.o (__fixsfsi)
c:/program files (x86)/atmel/avr tools/avr toolchain/bin/../lib/gcc/avr/4.5.1/avr6\libgcc.a(_thenan_sf.o)
                              c:/program files (x86)/atmel/avr tools/avr toolchain/bin/../lib/gcc/avr/4.5.1/avr6\libgcc.a(_mul_sf.o) (__thenan_sf)
c:/program files (x86)/atmel/avr tools/avr toolchain/bin/../lib/gcc/avr/4.5.1/avr6\libgcc.a(_udivmodsi4.o)
                              c:/program files (x86)/atmel/avr tools/avr toolchain/bin/../lib/gcc/avr/4.5.1/avr6\libgcc.a(_divmodsi4.o) (__udivmodsi4)
c:/program files (x86)/atmel/avr tools/avr toolchain/bin/../lib/gcc/avr/4.5.1/avr6\libgcc.a(_prologue.o)
                              c:/program files (x86)/atmel/avr tools/avr toolchain/bin/../lib/gcc/avr/4.5.1/avr6\libgcc.a(_mul_sf.o) (__prologue_saves__)
c:/program files (x86)/atmel/avr tools/avr toolchain/bin/../lib/gcc/avr/4.5.1/avr6\libgcc.a(_epilogue.o)
                              c:/program files (x86)/atmel/avr tools/avr toolchain/bin/../lib/gcc/avr/4.5.1/avr6\libgcc.a(_mul_sf.o) (__epilogue_restores__)
c:/program files (x86)/atmel/avr tools/avr toolchain/bin/../lib/gcc/avr/4.5.1/avr6\libgcc.a(_clzsi2.o)
                              c:/program files (x86)/atmel/avr tools/avr toolchain/bin/../lib/gcc/avr/4.5.1/avr6\libgcc.a(_si_to_sf.o) (__clzsi2)
c:/program files (x86)/atmel/avr tools/avr toolchain/bin/../lib/gcc/avr/4.5.1/avr6\libgcc.a(_pack_sf.o)
                              c:/program files (x86)/atmel/avr tools/avr toolchain/bin/../lib/gcc/avr/4.5.1/avr6\libgcc.a(_mul_sf.o) (__pack_f)
c:/program files (x86)/atmel/avr tools/avr toolchain/bin/../lib/gcc/avr/4.5.1/avr6\libgcc.a(_unpack_sf.o)
                              c:/program files (x86)/atmel/avr tools/avr toolchain/bin/../lib/gcc/avr/4.5.1/avr6\libgcc.a(_mul_sf.o) (__unpack_f)
c:/program files (x86)/atmel/avr tools/avr toolchain/bin/../lib/gcc/avr/4.5.1/avr6\libgcc.a(_clz.o)
                              c:/program files (x86)/atmel/avr tools/avr toolchain/bin/../lib/gcc/avr/4.5.1/avr6\libgcc.a(_clzsi2.o) (__clz_tab)
c:/program files (x86)/atmel/avr tools/avr toolchain/bin/../lib/gcc/avr/4.5.1/../../../../avr/lib/avr6\libc.a(rand.o)
                              behaviors.o (rand)
c:/program files (x86)/atmel/avr tools/avr toolchain/bin/../lib/gcc/avr/4.5.1/../../../../avr/lib/avr6\libc.a(memcpy.o)
                              vm.o (memcpy)
c:/program files (x86)/atmel/avr tools/avr toolchain/bin/../lib/gcc/avr/4.5.1/../../../../avr/lib/avr6\libc.a(memset.o)
                              vm.o (memset)
c:/program files (x86)/atmel/avr tools/avr toolchain/bin/../lib/gcc/avr/4.5.1/../../../../avr/lib/avr6\libc.a(atan2.o)
                              sensors.o (atan2)
c:/program files (x86)/atmel/avr tools/avr toolchain/bin/../lib/gcc/avr/4.5.1/../../../../avr/lib/avr6\libc.a(atan.o)
                              c:/program files (x86)/atmel/avr tools/avr toolchain/bin/../lib/gcc/avr/4.5.1/../../../../avr/lib/avr6\libc.a(atan2.o) (atan)
c:/program files (x86)/atmel/avr tools/avr toolchain/bin/../lib/gcc/avr/4.5.1/../../../../avr/lib/avr6\libc.a(divsf3x.o)
                              c:/program files (x86)/atmel/avr tools/avr toolchain/bin/../lib/gcc/avr/4.5.1/../../../../avr/lib/avr6\libc.a(atan2.o) (__divsf3_pse)
c:/program files (x86)/atmel/avr tools/avr toolchain/bin/../lib/gcc/avr/4.5.1/../../../../avr/lib/avr6\libc.a(fp_inf.o)
                              c:/program files (x86)/atmel/avr tools/avr toolchain/bin/../lib/gcc/avr/4.5.1/../../../../avr/lib/avr6\libc.a(divsf3x.o) (__fp_inf)
c:/program files (x86)/atmel/avr tools/avr toolchain/bin/../lib/gcc/avr/4.5.1/../../../../avr/lib/avr6\libc.a(fp_nan.o)
                              c:/program files (x86)/atmel/avr tools/avr toolchain/bin/../lib/gcc/avr/4.5.1/../../../../avr/lib/avr6\libc.a(atan2.o) (__fp_nan)
c:/program files (x86)/atmel/avr tools/avr toolchain/bin/../lib/gcc/avr/4.5.1/../../../../avr/lib/avr6\libc.a(fp_powser.o)
                              c:/program files (x86)/atmel/avr tools/avr toolchain/bin/../lib/gcc/avr/4.5.1/../../../../avr/lib/avr6\libc.a(atan.o) (__fp_powser)
c:/program files (x86)/atmel/avr tools/avr toolchain/bin/../lib/gcc/avr/4.5.1/../../../../avr/lib/avr6\libc.a(fp_pscA.o)
                              c:/program files (x86)/atmel/avr tools/avr toolchain/bin/../lib/gcc/avr/4.5.1/../../../../avr/lib/avr6\libc.a(atan2.o) (__fp_pscA)
c:/program files (x86)/atmel/avr tools/avr toolchain/bin/../lib/gcc/avr/4.5.1/../../../../avr/lib/avr6\libc.a(fp_pscB.o)
                              c:/program files (x86)/atmel/avr tools/avr toolchain/bin/../lib/gcc/avr/4.5.1/../../../../avr/lib/avr6\libc.a(atan2.o) (__fp_pscB)
c:/program files (x86)/atmel/avr tools/avr toolchain/bin/../lib/gcc/avr/4.5.1/../../../../avr/lib/avr6\libc.a(fp_round.o)
                              c:/program files (x86)/atmel/avr tools/avr toolchain/bin/../lib/gcc/avr/4.5.1/../../../../avr/lib/avr6\libc.a(atan2.o) (__fp_round)
c:/program files (x86)/atmel/avr tools/avr toolchain/bin/../lib/gcc/avr/4.5.1/../../../../avr/lib/avr6\libc.a(fp_split3.o)
                              c:/program files (x86)/atmel/avr tools/avr toolchain/bin/../lib/gcc/avr/4.5.1/../../../../avr/lib/avr6\libc.a(atan2.o) (__fp_split3)
c:/program files (x86)/atmel/avr tools/avr toolchain/bin/../lib/gcc/avr/4.5.1/../../../../avr/lib/avr6\libc.a(fp_zero.o)
                              c:/program files (x86)/atmel/avr tools/avr toolchain/bin/../lib/gcc/avr/4.5.1/../../../../avr/lib/avr6\libc.a(atan2.o) (__fp_zero)
c:/program files (x86)/atmel/avr tools/avr toolchain/bin/../lib/gcc/avr/4.5.1/../../../../avr/lib/avr6\libc.a(inverse.o)
                              c:/program files (x86)/atmel/avr tools/avr toolchain/bin/../lib/gcc/avr/4.5.1/../../../../avr/lib/avr6\libc.a(atan.o) (inverse)
c:/program files (x86)/atmel/avr tools/avr toolchain/bin/../lib/gcc/avr/4.5.1/../../../../avr/lib/avr6\libc.a(mulsf3x.o)
                              c:/program files (x86)/atmel/avr tools/avr toolchain/bin/../lib/gcc/avr/4.5.1/../../../../avr/lib/avr6\libc.a(atan.o) (__mulsf3x)
c:/program files (x86)/atmel/avr tools/avr toolchain/bin/../lib/gcc/avr/4.5.1/../../../../avr/lib/avr6\libc.a(square.o)
                              c:/program files (x86)/atmel/avr tools/avr toolchain/bin/../lib/gcc/avr/4.5.1/../../../../avr/lib/avr6\libc.a(atan.o) (square)
c:/program files (x86)/atmel/avr tools/avr toolchain/bin/../lib/gcc/avr/4.5.1/../../../../avr/lib/avr6\libc.a(eerd_word_atmega2560.o)
                              elisa3aseba.o (__eerd_word_m2560)
c:/program files (x86)/atmel/avr tools/avr toolchain/bin/../lib/gcc/avr/4.5.1/../../../../avr/lib/avr6\libc.a(eewr_word_atmega2560.o)
                              elisa3aseba.o (__eewr_word_m2560)
c:/program files (x86)/atmel/avr tools/avr toolchain/bin/../lib/gcc/avr/4.5.1/../../../../avr/lib/avr6\libc.a(addsf3.o)
                              c:/program files (x86)/atmel/avr tools/avr toolchain/bin/../lib/gcc/avr/4.5.1/../../../../avr/lib/avr6\libc.a(atan2.o) (__addsf3)
c:/program files (x86)/atmel/avr tools/avr toolchain/bin/../lib/gcc/avr/4.5.1/../../../../avr/lib/avr6\libc.a(addsf3x.o)
                              c:/program files (x86)/atmel/avr tools/avr toolchain/bin/../lib/gcc/avr/4.5.1/../../../../avr/lib/avr6\libc.a(atan.o) (__addsf3x)
c:/program files (x86)/atmel/avr tools/avr toolchain/bin/../lib/gcc/avr/4.5.1/../../../../avr/lib/avr6\libc.a(divsf3.o)
                              c:/program files (x86)/atmel/avr tools/avr toolchain/bin/../lib/gcc/avr/4.5.1/../../../../avr/lib/avr6\libc.a(inverse.o) (__divsf3)
c:/program files (x86)/atmel/avr tools/avr toolchain/bin/../lib/gcc/avr/4.5.1/../../../../avr/lib/avr6\libc.a(eerd_block_atmega2560.o)
                              c:/program files (x86)/atmel/avr tools/avr toolchain/bin/../lib/gcc/avr/4.5.1/../../../../avr/lib/avr6\libc.a(eerd_word_atmega2560.o) (__eerd_blraw_m2560)
c:/program files (x86)/atmel/avr tools/avr toolchain/bin/../lib/gcc/avr/4.5.1/../../../../avr/lib/avr6\libc.a(eewr_byte_atmega2560.o)
                              c:/program files (x86)/atmel/avr tools/avr toolchain/bin/../lib/gcc/avr/4.5.1/../../../../avr/lib/avr6\libc.a(eewr_word_atmega2560.o) (__eewr_byte_m2560)

Allocating common symbols
Common symbol       size              file

PTX                 0x1               mirf.o
delta_left_speed_current
                    0x2               variables.o
delta_right_speed_prev
                    0x2               variables.o
ackPayload          0x10              variables.o
dataLED             0x6               variables.o
delta_left_speed_prev
                    0x2               variables.o
rfData              0xd               variables.o
delta_right_speed_current
                    0x2               variables.o
elisa3Variables     0x19c             elisa3aseba.o
startCalibration    0x1               variables.o

Memory Configuration

Name             Origin             Length             Attributes
text             0x00000000         0x00100000         xr
data             0x00800200         0x0000fe00         rw !x
eeprom           0x00810000         0x00010000         rw !x
fuse             0x00820000         0x00000400         rw !x
lock             0x00830000         0x00000400         rw !x
signature        0x00840000         0x00000400         rw !x
*default*        0x00000000         0xffffffff

Linker script and memory map

Address of section .data set to 0x800200
LOAD c:/program files (x86)/atmel/avr tools/avr toolchain/bin/../lib/gcc/avr/4.5.1/../../../../avr/lib/avr6/crtm2560.o
LOAD elisa3aseba.o
LOAD leds.o
LOAD motors.o
LOAD ports_io.o
LOAD usart.o
LOAD variables.o
LOAD behaviors.o
LOAD speed_control.o
LOAD adc.o
LOAD sensors.o
LOAD twimaster.o
LOAD vm-buffer.o
LOAD vm.o
LOAD natives.o
LOAD utility.o
LOAD ir_remote_control.o
LOAD mirf.o
LOAD spi.o
LOAD c:/program files (x86)/atmel/avr tools/avr toolchain/bin/../lib/gcc/avr/4.5.1/avr6\libgcc.a
LOAD c:/program files (x86)/atmel/avr tools/avr toolchain/bin/../lib/gcc/avr/4.5.1/../../../../avr/lib/avr6\libc.a
LOAD c:/program files (x86)/atmel/avr tools/avr toolchain/bin/../lib/gcc/avr/4.5.1/avr6\libgcc.a

.hash
 *(.hash)

.dynsym
 *(.dynsym)

.dynstr
 *(.dynstr)

.gnu.version
 *(.gnu.version)

.gnu.version_d
 *(.gnu.version_d)

.gnu.version_r
 *(.gnu.version_r)

.rel.init
 *(.rel.init)

.rela.init
 *(.rela.init)

.rel.text
 *(.rel.text)
 *(.rel.text.*)
 *(.rel.gnu.linkonce.t*)

.rela.text
 *(.rela.text)
 *(.rela.text.*)
 *(.rela.gnu.linkonce.t*)

.rel.fini
 *(.rel.fini)

.rela.fini
 *(.rela.fini)

.rel.rodata
 *(.rel.rodata)
 *(.rel.rodata.*)
 *(.rel.gnu.linkonce.r*)

.rela.rodata
 *(.rela.rodata)
 *(.rela.rodata.*)
 *(.rela.gnu.linkonce.r*)

.rel.data
 *(.rel.data)
 *(.rel.data.*)
 *(.rel.gnu.linkonce.d*)

.rela.data
 *(.rela.data)
 *(.rela.data.*)
 *(.rela.gnu.linkonce.d*)

.rel.ctors
 *(.rel.ctors)

.rela.ctors
 *(.rela.ctors)

.rel.dtors
 *(.rel.dtors)

.rela.dtors
 *(.rela.dtors)

.rel.got
 *(.rel.got)

.rela.got
 *(.rela.got)

.rel.bss
 *(.rel.bss)

.rela.bss
 *(.rela.bss)

.rel.plt
 *(.rel.plt)

.rela.plt
 *(.rela.plt)

.text           0x00000000     0x7260
 *(.vectors)
 .vectors       0x00000000       0xe4 c:/program files (x86)/atmel/avr tools/avr toolchain/bin/../lib/gcc/avr/4.5.1/../../../../avr/lib/avr6/crtm2560.o
                0x00000000                __vector_default
                0x00000000                __vectors
 *(.vectors)
 *(.progmem.gcc*)
 .progmem.gcc_sw_table
                0x000000e4       0x24 vm.o
 .progmem.gcc_sw_table
                0x00000108       0x6a ir_remote_control.o
 .progmem.gcc_fplib
                0x00000172       0x2d c:/program files (x86)/atmel/avr tools/avr toolchain/bin/../lib/gcc/avr/4.5.1/../../../../avr/lib/avr6\libc.a(atan.o)
 *(.progmem*)
                0x000001a0                . = ALIGN (0x2)
 *fill*         0x0000019f        0x1 00
                0x000001a0                __trampolines_start = .
 *(.trampolines)
 .trampolines   0x000001a0        0x0 linker stubs
 *(.trampolines*)
                0x000001a0                __trampolines_end = .
 *(.jumptables)
 *(.jumptables*)
 *(.lowtext)
 *(.lowtext*)
                0x000001a0                __ctors_start = .
 *(.ctors)
                0x000001a0                __ctors_end = .
                0x000001a0                __dtors_start = .
 *(.dtors)
                0x000001a0                __dtors_end = .
 SORT(*)(.ctors)
 SORT(*)(.dtors)
 *(.init0)
 .init0         0x000001a0        0x0 c:/program files (x86)/atmel/avr tools/avr toolchain/bin/../lib/gcc/avr/4.5.1/../../../../avr/lib/avr6/crtm2560.o
                0x000001a0                __init
 *(.init0)
 *(.init1)
 *(.init1)
 *(.init2)
 .init2         0x000001a0       0x10 c:/program files (x86)/atmel/avr tools/avr toolchain/bin/../lib/gcc/avr/4.5.1/../../../../avr/lib/avr6/crtm2560.o
 *(.init2)
 *(.init3)
 *(.init3)
 *(.init4)
 .init4         0x000001b0       0x16 c:/program files (x86)/atmel/avr tools/avr toolchain/bin/../lib/gcc/avr/4.5.1/avr6\libgcc.a(_copy_data.o)
                0x000001b0                __do_copy_data
 .init4         0x000001c6       0x10 c:/program files (x86)/atmel/avr tools/avr toolchain/bin/../lib/gcc/avr/4.5.1/avr6\libgcc.a(_clear_bss.o)
                0x000001c6                __do_clear_bss
 *(.init4)
 *(.init5)
 *(.init5)
 *(.init6)
 *(.init6)
 *(.init7)
 *(.init7)
 *(.init8)
 *(.init8)
 *(.init9)
 .init9         0x000001d6        0x8 c:/program files (x86)/atmel/avr tools/avr toolchain/bin/../lib/gcc/avr/4.5.1/../../../../avr/lib/avr6/crtm2560.o
 *(.init9)
 *(.text)
 .text          0x000001de        0x4 c:/program files (x86)/atmel/avr tools/avr toolchain/bin/../lib/gcc/avr/4.5.1/../../../../avr/lib/avr6/crtm2560.o
                0x000001de                __vector_38
                0x000001de                __vector_22
                0x000001de                __vector_28
                0x000001de                __vector_1
                0x000001de                __vector_34
                0x000001de                __vector_24
                0x000001de                __vector_12
                0x000001de                __vector_55
                0x000001de                __vector_46
                0x000001de                __bad_interrupt
                0x000001de                __vector_6
                0x000001de                __vector_31
                0x000001de                __vector_39
                0x000001de                __vector_3
                0x000001de                __vector_23
                0x000001de                __vector_30
                0x000001de                __vector_11
                0x000001de                __vector_54
                0x000001de                __vector_17
                0x000001de                __vector_19
                0x000001de                __vector_56
                0x000001de                __vector_7
                0x000001de                __vector_49
                0x000001de                __vector_41
                0x000001de                __vector_27
                0x000001de                __vector_5
                0x000001de                __vector_47
                0x000001de                __vector_52
                0x000001de                __vector_37
                0x000001de                __vector_4
                0x000001de                __vector_44
                0x000001de                __vector_51
                0x000001de                __vector_9
                0x000001de                __vector_2
                0x000001de                __vector_21
                0x000001de                __vector_36
                0x000001de                __vector_40
                0x000001de                __vector_8
                0x000001de                __vector_26
                0x000001de                __vector_48
                0x000001de                __vector_14
                0x000001de                __vector_53
                0x000001de                __vector_50
                0x000001de                __vector_16
                0x000001de                __vector_18
                0x000001de                __vector_20
 .text          0x000001e2      0x688 elisa3aseba.o
                0x000001e2                AsebaGetVMDescription
                0x000001e8                AsebaGetLocalEventsDescriptions
                0x000001ee                AsebaPutVmToSleep
                0x000001f0                AsebaNativeFunction
                0x00000202                AsebaGetNativeFunctionsDescriptions
                0x00000208                uartSendUInt8
                0x00000210                uartSendUInt16
                0x00000234                AsebaSendBuffer
                0x0000027c                uartGetUInt8
                0x000002dc                uartGetUInt16
                0x00000310                AsebaGetBuffer
                0x00000384                updateRobotVariables
                0x00000632                AsebaAssert
                0x0000064a                initRobot
                0x000006b8                AsebaWriteBytecode
                0x0000070e                AsebaResetIntoBootloader
                0x00000714                initAseba
                0x0000076c                main
 .text          0x0000086a      0x226 leds.o
                0x0000086a                initRGBleds
                0x000008ae                toggleBlueLed
                0x000008e4                updateRedLed
                0x0000090c                updateGreenLed
                0x00000934                updateBlueLed
                0x0000095c                setGreenLed
                0x00000a2c                turnOffGreenLeds
                0x00000a5e                turnOnGreenLeds
 .text          0x00000a90      0x704 motors.o
                0x00000a90                initMotors
                0x00000b4c                handleMotorsWithNoController
                0x00000c7a                handleMotorsWithSpeedController
                0x00000de8                setLeftSpeed
                0x00000e56                setRightSpeed
                0x00000ec4                __vector_45
                0x00000fde                __vector_42
                0x0000100a                __vector_43
                0x00001036                __vector_35
                0x0000113c                __vector_32
                0x00001168                __vector_33
 .text          0x00001194       0xba ports_io.o
                0x00001194                initPortsIO
 .text          0x0000124e      0x134 usart.o
                0x0000124e                initUsart0
                0x00001278                initUsart1
                0x000012a2                closeUsart
                0x000012b0                usart0Transmit
                0x000012ca                usart1Transmit
                0x000012e4                usart0InputBufferEmpty
                0x000012f2                usart0Receive
                0x00001320                __vector_25
 .text          0x00001382        0x0 variables.o
 .text          0x00001382      0x3b6 behaviors.o
                0x00001382                initBehaviors
                0x00001390                obstacleAvoidance
                0x000016ce                cliffDetected
                0x0000171c                enableObstacleAvoidance
                0x00001724                disableObstacleAvoidance
                0x0000172a                enableCliffAvoidance
                0x00001732                disableCliffAvoidance
 .text          0x00001738      0x7be speed_control.o
                0x00001738                init_speed_control
                0x0000173a                start_vertical_speed_control_left
                0x00001970                start_vertical_speed_control_right
                0x00001ba6                start_horizontal_speed_control_right
                0x00001d4e                start_horizontal_speed_control_left
 .text          0x00001ef6      0x57e adc.o
                0x00001ef6                initAdc
                0x00001f3c                __vector_29
 .text          0x00002474      0x956 sensors.o
                0x00002474                initMMA7455L
                0x0000249c                initADXL345
                0x000024fc                initAccelerometer
                0x0000252c                readAccelXY
                0x00002626                readAccelXYZ
                0x00002860                calibrateSensors
                0x00002a64                readAccelXYZ_1
                0x00002ae6                readAccelXYZ_2
                0x00002d06                computeAngle
 .text          0x00002dca      0x112 twimaster.o
                0x00002dca                i2c_close
                0x00002dd4                i2c_init
                0x00002de4                i2c_start
                0x00002e2e                i2c_start_wait
                0x00002e7c                i2c_rep_start
                0x00002e82                i2c_stop
                0x00002e92                i2c_write
                0x00002eb4                i2c_readAck
                0x00002ec8                i2c_readNak
 .text          0x00002edc      0x540 vm-buffer.o
                0x00002faa                AsebaSendMessage
                0x00003042                AsebaSendVariables
                0x000030c4                AsebaSendDescription
                0x00003344                AsebaProcessIncomingEvents
 .text          0x0000341c      0xd2a vm.o
                0x0000354e                AsebaVMInit
                0x0000357c                AsebaVMGetEventAddress
                0x000035c4                AsebaVMStep
                0x00003b20                AsebaVMEmitNodeSpecificError
                0x00003bf4                AsebaVMCheckBreakpoint
                0x00003c32                AsebaDebugBareRun
                0x00003c98                AsebaVMSetBreakpoint
                0x00003cc4                AsebaVMClearBreakpoint
                0x00003d1e                AsebaVMClearBreakpoints
                0x00003d26                AsebaVMSendExecutionStateChanged
                0x00003d64                AsebaDebugBreakpointRun
                0x00003df0                AsebaVMRun
                0x00003e1e                AsebaVMSetupEvent
                0x00003e78                AsebaVMDebugMessage
                0x000040fa                AsebaVMShouldDropPacket
 .text          0x00004146     0x1344 natives.o
                0x00004174                aseba_atan2
                0x00004340                aseba_sin
                0x0000443e                aseba_cos
                0x00004448                aseba_sqrt
                0x0000448c                AsebaNative_veccopy
                0x000044f8                AsebaNative_vecfill
                0x0000455e                AsebaNative_vecaddscalar
                0x000045e0                AsebaNative_vecadd
                0x0000467e                AsebaNative_vecsub
                0x0000471c                AsebaNative_vecmul
                0x000047c4                AsebaNative_vecdiv
                0x000048ba                AsebaNative_vecmin
                0x0000495e                AsebaNative_vecmax
                0x00004a02                AsebaNative_vecdot
                0x00004b1c                AsebaNative_vecstat
                0x00004c24                AsebaNative_vecargbounds
                0x00004cc0                AsebaNative_mathmuldiv
                0x00004e3c                AsebaNative_mathatan2
                0x00004eea                AsebaNative_mathsin
                0x00004f72                AsebaNative_mathcos
                0x00004ffa                AsebaNative_mathrot2
                0x0000519c                AsebaNative_mathsqrt
                0x00005224                AsebaNative_vecnonzerosequence
                0x000053f0                AsebaSetRandomSeed
                0x000053fa                AsebaGetRandom
                0x00005424                AsebaNative_rand
 .text          0x0000548a      0x1c4 utility.o
                0x0000548a                getSelector
                0x000054d2                initPeripherals
                0x00005548                __vector_15
                0x0000555c                sleep
                0x00005634                getTime100MicroSec
                0x00005646                readBatteryLevel
 .text          0x0000564e      0x624 ir_remote_control.o
                0x0000564e                init_ir_remote_control
                0x00005684                __vector_10
                0x000056ec                __vector_13
                0x00005906                ir_remote_get_check
                0x0000590c                ir_remote_get_address
                0x00005912                ir_remote_get_data
                0x00005918                handleIRRemoteCommands
 .text          0x00005c72      0x824 mirf.o
                0x00005c72                mirf_data_ready
                0x00005c8c                flush_rx_fifo
                0x00005c98                mirf_config_register
                0x00005cc0                mirf_get_data
                0x00005ce8                mirf_read_register
                0x00005d1a                rx_fifo_is_empty
                0x00005d40                mirf_write_register
                0x00005d74                mirf_set_TADDR
                0x00005d80                mirf_set_RADDR
                0x00005d90                mirf_config
                0x00005e36                mirf_init
                0x00005e40                mirf_send
                0x00005e88                flushTxFifo
                0x00005e94                writeAckPayload
                0x00005ee6                handleRFCommands
 .text          0x00006496       0x6c spi.o
                0x00006496                initSPI
                0x000064ae                closeSPI
                0x000064b4                SPI_ReadWrite_Block
                0x000064da                SPI_Write_Block
                0x000064f6                SPI_Write_Byte
 .text          0x00006502        0x0 c:/program files (x86)/atmel/avr tools/avr toolchain/bin/../lib/gcc/avr/4.5.1/avr6\libgcc.a(_mulsi3.o)
 .text          0x00006502        0x0 c:/program files (x86)/atmel/avr tools/avr toolchain/bin/../lib/gcc/avr/4.5.1/avr6\libgcc.a(_udivmodhi4.o)
 .text          0x00006502        0x0 c:/program files (x86)/atmel/avr tools/avr toolchain/bin/../lib/gcc/avr/4.5.1/avr6\libgcc.a(_divmodhi4.o)
 .text          0x00006502        0x0 c:/program files (x86)/atmel/avr tools/avr toolchain/bin/../lib/gcc/avr/4.5.1/avr6\libgcc.a(_divmodsi4.o)
 .text          0x00006502        0x0 c:/program files (x86)/atmel/avr tools/avr toolchain/bin/../lib/gcc/avr/4.5.1/avr6\libgcc.a(_exit.o)
 .text          0x00006502        0x0 c:/program files (x86)/atmel/avr tools/avr toolchain/bin/../lib/gcc/avr/4.5.1/avr6\libgcc.a(_copy_data.o)
 .text          0x00006502        0x0 c:/program files (x86)/atmel/avr tools/avr toolchain/bin/../lib/gcc/avr/4.5.1/avr6\libgcc.a(_clear_bss.o)
 .text          0x00006502      0x1fe c:/program files (x86)/atmel/avr tools/avr toolchain/bin/../lib/gcc/avr/4.5.1/avr6\libgcc.a(_mul_sf.o)
                0x00006502                __mulsf3
 .text          0x00006700       0xbc c:/program files (x86)/atmel/avr tools/avr toolchain/bin/../lib/gcc/avr/4.5.1/avr6\libgcc.a(_si_to_sf.o)
                0x00006700                __floatsisf
 .text          0x000067bc       0xa6 c:/program files (x86)/atmel/avr tools/avr toolchain/bin/../lib/gcc/avr/4.5.1/avr6\libgcc.a(_sf_to_si.o)
                0x000067bc                __fixsfsi
 .text          0x00006862        0x0 c:/program files (x86)/atmel/avr tools/avr toolchain/bin/../lib/gcc/avr/4.5.1/avr6\libgcc.a(_thenan_sf.o)
 .text          0x00006862        0x0 c:/program files (x86)/atmel/avr tools/avr toolchain/bin/../lib/gcc/avr/4.5.1/avr6\libgcc.a(_udivmodsi4.o)
 .text          0x00006862        0x0 c:/program files (x86)/atmel/avr tools/avr toolchain/bin/../lib/gcc/avr/4.5.1/avr6\libgcc.a(_prologue.o)
 .text          0x00006862        0x0 c:/program files (x86)/atmel/avr tools/avr toolchain/bin/../lib/gcc/avr/4.5.1/avr6\libgcc.a(_epilogue.o)
 .text          0x00006862       0x9a c:/program files (x86)/atmel/avr tools/avr toolchain/bin/../lib/gcc/avr/4.5.1/avr6\libgcc.a(_clzsi2.o)
                0x00006862                __clzsi2
 .text          0x000068fc      0x1c0 c:/program files (x86)/atmel/avr tools/avr toolchain/bin/../lib/gcc/avr/4.5.1/avr6\libgcc.a(_pack_sf.o)
                0x000068fc                __pack_f
 .text          0x00006abc       0xe0 c:/program files (x86)/atmel/avr tools/avr toolchain/bin/../lib/gcc/avr/4.5.1/avr6\libgcc.a(_unpack_sf.o)
                0x00006abc                __unpack_f
 .text          0x00006b9c        0x0 c:/program files (x86)/atmel/avr tools/avr toolchain/bin/../lib/gcc/avr/4.5.1/avr6\libgcc.a(_clz.o)
 .text          0x00006b9c        0x0 c:/program files (x86)/atmel/avr tools/avr toolchain/bin/../lib/gcc/avr/4.5.1/../../../../avr/lib/avr6\libc.a(rand.o)
 .text          0x00006b9c        0x0 c:/program files (x86)/atmel/avr tools/avr toolchain/bin/../lib/gcc/avr/4.5.1/../../../../avr/lib/avr6\libc.a(memcpy.o)
 .text          0x00006b9c        0x0 c:/program files (x86)/atmel/avr tools/avr toolchain/bin/../lib/gcc/avr/4.5.1/../../../../avr/lib/avr6\libc.a(memset.o)
 .text          0x00006b9c        0x0 c:/program files (x86)/atmel/avr tools/avr toolchain/bin/../lib/gcc/avr/4.5.1/../../../../avr/lib/avr6\libc.a(atan2.o)
 .text          0x00006b9c        0x0 c:/program files (x86)/atmel/avr tools/avr toolchain/bin/../lib/gcc/avr/4.5.1/../../../../avr/lib/avr6\libc.a(atan.o)
 .text          0x00006b9c        0x0 c:/program files (x86)/atmel/avr tools/avr toolchain/bin/../lib/gcc/avr/4.5.1/../../../../avr/lib/avr6\libc.a(divsf3x.o)
 .text          0x00006b9c        0x0 c:/program files (x86)/atmel/avr tools/avr toolchain/bin/../lib/gcc/avr/4.5.1/../../../../avr/lib/avr6\libc.a(fp_inf.o)
 .text          0x00006b9c        0x0 c:/program files (x86)/atmel/avr tools/avr toolchain/bin/../lib/gcc/avr/4.5.1/../../../../avr/lib/avr6\libc.a(fp_nan.o)
 .text          0x00006b9c        0x0 c:/program files (x86)/atmel/avr tools/avr toolchain/bin/../lib/gcc/avr/4.5.1/../../../../avr/lib/avr6\libc.a(fp_powser.o)
 .text          0x00006b9c        0x0 c:/program files (x86)/atmel/avr tools/avr toolchain/bin/../lib/gcc/avr/4.5.1/../../../../avr/lib/avr6\libc.a(fp_pscA.o)
 .text          0x00006b9c        0x0 c:/program files (x86)/atmel/avr tools/avr toolchain/bin/../lib/gcc/avr/4.5.1/../../../../avr/lib/avr6\libc.a(fp_pscB.o)
 .text          0x00006b9c        0x0 c:/program files (x86)/atmel/avr tools/avr toolchain/bin/../lib/gcc/avr/4.5.1/../../../../avr/lib/avr6\libc.a(fp_round.o)
 .text          0x00006b9c        0x0 c:/program files (x86)/atmel/avr tools/avr toolchain/bin/../lib/gcc/avr/4.5.1/../../../../avr/lib/avr6\libc.a(fp_split3.o)
 .text          0x00006b9c        0x0 c:/program files (x86)/atmel/avr tools/avr toolchain/bin/../lib/gcc/avr/4.5.1/../../../../avr/lib/avr6\libc.a(fp_zero.o)
 .text          0x00006b9c        0x0 c:/program files (x86)/atmel/avr tools/avr toolchain/bin/../lib/gcc/avr/4.5.1/../../../../avr/lib/avr6\libc.a(inverse.o)
 .text          0x00006b9c        0x0 c:/program files (x86)/atmel/avr tools/avr toolchain/bin/../lib/gcc/avr/4.5.1/../../../../avr/lib/avr6\libc.a(mulsf3x.o)
 .text          0x00006b9c        0x0 c:/program files (x86)/atmel/avr tools/avr toolchain/bin/../lib/gcc/avr/4.5.1/../../../../avr/lib/avr6\libc.a(square.o)
 .text          0x00006b9c        0x0 c:/program files (x86)/atmel/avr tools/avr toolchain/bin/../lib/gcc/avr/4.5.1/../../../../avr/lib/avr6\libc.a(eerd_word_atmega2560.o)
 .text          0x00006b9c        0x0 c:/program files (x86)/atmel/avr tools/avr toolchain/bin/../lib/gcc/avr/4.5.1/../../../../avr/lib/avr6\libc.a(eewr_word_atmega2560.o)
 .text          0x00006b9c        0x0 c:/program files (x86)/atmel/avr tools/avr toolchain/bin/../lib/gcc/avr/4.5.1/../../../../avr/lib/avr6\libc.a(addsf3.o)
 .text          0x00006b9c        0x0 c:/program files (x86)/atmel/avr tools/avr toolchain/bin/../lib/gcc/avr/4.5.1/../../../../avr/lib/avr6\libc.a(addsf3x.o)
 .text          0x00006b9c        0x0 c:/program files (x86)/atmel/avr tools/avr toolchain/bin/../lib/gcc/avr/4.5.1/../../../../avr/lib/avr6\libc.a(divsf3.o)
 .text          0x00006b9c        0x0 c:/program files (x86)/atmel/avr tools/avr toolchain/bin/../lib/gcc/avr/4.5.1/../../../../avr/lib/avr6\libc.a(eerd_block_atmega2560.o)
 .text          0x00006b9c        0x0 c:/program files (x86)/atmel/avr tools/avr toolchain/bin/../lib/gcc/avr/4.5.1/../../../../avr/lib/avr6\libc.a(eewr_byte_atmega2560.o)
                0x00006b9c                . = ALIGN (0x2)
 *(.text.*)
 .text.libgcc   0x00006b9c       0x3e c:/program files (x86)/atmel/avr tools/avr toolchain/bin/../lib/gcc/avr/4.5.1/avr6\libgcc.a(_mulsi3.o)
                0x00006b9c                __mulsi3
 .text.libgcc   0x00006bda       0x28 c:/program files (x86)/atmel/avr tools/avr toolchain/bin/../lib/gcc/avr/4.5.1/avr6\libgcc.a(_udivmodhi4.o)
                0x00006bda                __udivmodhi4
 .text.libgcc   0x00006c02       0x26 c:/program files (x86)/atmel/avr tools/avr toolchain/bin/../lib/gcc/avr/4.5.1/avr6\libgcc.a(_divmodhi4.o)
                0x00006c02                _div
                0x00006c02                __divmodhi4
 .text.libgcc   0x00006c28       0x36 c:/program files (x86)/atmel/avr tools/avr toolchain/bin/../lib/gcc/avr/4.5.1/avr6\libgcc.a(_divmodsi4.o)
                0x00006c28                __divmodsi4
 .text.libgcc   0x00006c5e        0x0 c:/program files (x86)/atmel/avr tools/avr toolchain/bin/../lib/gcc/avr/4.5.1/avr6\libgcc.a(_exit.o)
 .text.libgcc   0x00006c5e        0x0 c:/program files (x86)/atmel/avr tools/avr toolchain/bin/../lib/gcc/avr/4.5.1/avr6\libgcc.a(_copy_data.o)
 .text.libgcc   0x00006c5e        0x0 c:/program files (x86)/atmel/avr tools/avr toolchain/bin/../lib/gcc/avr/4.5.1/avr6\libgcc.a(_clear_bss.o)
 .text.libgcc   0x00006c5e       0x44 c:/program files (x86)/atmel/avr tools/avr toolchain/bin/../lib/gcc/avr/4.5.1/avr6\libgcc.a(_udivmodsi4.o)
                0x00006c5e                __udivmodsi4
 .text.libgcc   0x00006ca2       0x38 c:/program files (x86)/atmel/avr tools/avr toolchain/bin/../lib/gcc/avr/4.5.1/avr6\libgcc.a(_prologue.o)
                0x00006ca2                __prologue_saves__
 .text.libgcc   0x00006cda       0x36 c:/program files (x86)/atmel/avr tools/avr toolchain/bin/../lib/gcc/avr/4.5.1/avr6\libgcc.a(_epilogue.o)
                0x00006cda                __epilogue_restores__
 .text.avr-libc
                0x00006d10       0xbc c:/program files (x86)/atmel/avr tools/avr toolchain/bin/../lib/gcc/avr/4.5.1/../../../../avr/lib/avr6\libc.a(rand.o)
                0x00006da6                rand_r
                0x00006dac                rand
                0x00006db6                srand
 .text.avr-libc
                0x00006dcc       0x12 c:/program files (x86)/atmel/avr tools/avr toolchain/bin/../lib/gcc/avr/4.5.1/../../../../avr/lib/avr6\libc.a(memcpy.o)
                0x00006dcc                memcpy
 .text.avr-libc
                0x00006dde        0xe c:/program files (x86)/atmel/avr tools/avr toolchain/bin/../lib/gcc/avr/4.5.1/../../../../avr/lib/avr6\libc.a(memset.o)
                0x00006dde                memset
 .text.avr-libc.fplib
                0x00006dec       0x74 c:/program files (x86)/atmel/avr tools/avr toolchain/bin/../lib/gcc/avr/4.5.1/../../../../avr/lib/avr6\libc.a(atan2.o)
                0x00006e0a                atan2
 .text.avr-libc.fplib
                0x00006e60       0x50 c:/program files (x86)/atmel/avr tools/avr toolchain/bin/../lib/gcc/avr/4.5.1/../../../../avr/lib/avr6\libc.a(atan.o)
                0x00006e60                atan
 .text.avr-libc.fplib
                0x00006eb0       0xcc c:/program files (x86)/atmel/avr tools/avr toolchain/bin/../lib/gcc/avr/4.5.1/../../../../avr/lib/avr6\libc.a(divsf3x.o)
                0x00006ec6                __divsf3x
                0x00006eca                __divsf3_pse
 .text.avr-libc.fplib
                0x00006f7c        0xc c:/program files (x86)/atmel/avr tools/avr toolchain/bin/../lib/gcc/avr/4.5.1/../../../../avr/lib/avr6\libc.a(fp_inf.o)
                0x00006f7c                __fp_inf
 .text.avr-libc.fplib
                0x00006f88        0x6 c:/program files (x86)/atmel/avr tools/avr toolchain/bin/../lib/gcc/avr/4.5.1/../../../../avr/lib/avr6\libc.a(fp_nan.o)
                0x00006f88                __fp_nan
 .text.avr-libc.fplib
                0x00006f8e       0x4a c:/program files (x86)/atmel/avr tools/avr toolchain/bin/../lib/gcc/avr/4.5.1/../../../../avr/lib/avr6\libc.a(fp_powser.o)
                0x00006f8e                __fp_powser
 .text.avr-libc.fplib
                0x00006fd8        0xe c:/program files (x86)/atmel/avr tools/avr toolchain/bin/../lib/gcc/avr/4.5.1/../../../../avr/lib/avr6\libc.a(fp_pscA.o)
                0x00006fd8                __fp_pscA
 .text.avr-libc.fplib
                0x00006fe6        0xe c:/program files (x86)/atmel/avr tools/avr toolchain/bin/../lib/gcc/avr/4.5.1/../../../../avr/lib/avr6\libc.a(fp_pscB.o)
                0x00006fe6                __fp_pscB
 .text.avr-libc.fplib
                0x00006ff4       0x22 c:/program files (x86)/atmel/avr tools/avr toolchain/bin/../lib/gcc/avr/4.5.1/../../../../avr/lib/avr6\libc.a(fp_round.o)
                0x00006ff4                __fp_round
 .text.avr-libc.fplib
                0x00007016       0x44 c:/program files (x86)/atmel/avr tools/avr toolchain/bin/../lib/gcc/avr/4.5.1/../../../../avr/lib/avr6\libc.a(fp_split3.o)
                0x00007016                __fp_split3
                0x00007026                __fp_splitA
 .text.avr-libc.fplib
                0x0000705a        0xe c:/program files (x86)/atmel/avr tools/avr toolchain/bin/../lib/gcc/avr/4.5.1/../../../../avr/lib/avr6\libc.a(fp_zero.o)
                0x0000705a                __fp_zero
                0x0000705c                __fp_szero
 .text.avr-libc.fplib
                0x00007068        0xe c:/program files (x86)/atmel/avr tools/avr toolchain/bin/../lib/gcc/avr/4.5.1/../../../../avr/lib/avr6\libc.a(inverse.o)
                0x00007068                inverse
 .text.avr-libc.fplib
                0x00007076       0xc2 c:/program files (x86)/atmel/avr tools/avr toolchain/bin/../lib/gcc/avr/4.5.1/../../../../avr/lib/avr6\libc.a(mulsf3x.o)
                0x0000708a                __mulsf3x
                0x0000708e                __mulsf3_pse
 .text.avr-libc.fplib
                0x00007138        0x6 c:/program files (x86)/atmel/avr tools/avr toolchain/bin/../lib/gcc/avr/4.5.1/../../../../avr/lib/avr6\libc.a(square.o)
                0x00007138                square
 .text.avr-libc
                0x0000713e        0xc c:/program files (x86)/atmel/avr tools/avr toolchain/bin/../lib/gcc/avr/4.5.1/../../../../avr/lib/avr6\libc.a(eerd_word_atmega2560.o)
                0x0000713e                __eerd_word_m2560
 .text.avr-libc
                0x0000714a        0xa c:/program files (x86)/atmel/avr tools/avr toolchain/bin/../lib/gcc/avr/4.5.1/../../../../avr/lib/avr6\libc.a(eewr_word_atmega2560.o)
                0x0000714a                __eewr_word_m2560
 .text.avr-libc.fplib
                0x00007154        0xa c:/program files (x86)/atmel/avr tools/avr toolchain/bin/../lib/gcc/avr/4.5.1/../../../../avr/lib/avr6\libc.a(addsf3.o)
                0x00007154                __subsf3
                0x00007156                __addsf3
 .text.avr-libc.fplib
                0x0000715e       0xc0 c:/program files (x86)/atmel/avr tools/avr toolchain/bin/../lib/gcc/avr/4.5.1/../../../../avr/lib/avr6\libc.a(addsf3x.o)
                0x00007178                __addsf3x
 .text.avr-libc.fplib
                0x0000721e        0x4 c:/program files (x86)/atmel/avr tools/avr toolchain/bin/../lib/gcc/avr/4.5.1/../../../../avr/lib/avr6\libc.a(divsf3.o)
                0x0000721e                __divsf3
 .text.avr-libc
                0x00007222       0x20 c:/program files (x86)/atmel/avr tools/avr toolchain/bin/../lib/gcc/avr/4.5.1/../../../../avr/lib/avr6\libc.a(eerd_block_atmega2560.o)
                0x00007222                __eerd_block_m2560
                0x00007226                __eerd_blraw_m2560
 .text.avr-libc
                0x00007242       0x1c c:/program files (x86)/atmel/avr tools/avr toolchain/bin/../lib/gcc/avr/4.5.1/../../../../avr/lib/avr6\libc.a(eewr_byte_atmega2560.o)
                0x00007242                __eewr_byte_m2560
                0x00007244                __eewr_r18_m2560
                0x0000725e                . = ALIGN (0x2)
 *(.fini9)
 .fini9         0x0000725e        0x0 c:/program files (x86)/atmel/avr tools/avr toolchain/bin/../lib/gcc/avr/4.5.1/avr6\libgcc.a(_exit.o)
                0x0000725e                _exit
                0x0000725e                exit
 *(.fini9)
 *(.fini8)
 *(.fini8)
 *(.fini7)
 *(.fini7)
 *(.fini6)
 *(.fini6)
 *(.fini5)
 *(.fini5)
 *(.fini4)
 *(.fini4)
 *(.fini3)
 *(.fini3)
 *(.fini2)
 *(.fini2)
 *(.fini1)
 *(.fini1)
 *(.fini0)
 .fini0         0x0000725e        0x2 c:/program files (x86)/atmel/avr tools/avr toolchain/bin/../lib/gcc/avr/4.5.1/avr6\libgcc.a(_exit.o)
 *(.fini0)
                0x00007260                _etext = .

.data           0x00800200      0xbec load address 0x00007260
                0x00800200                PROVIDE (__data_start, .)
 *(.data)
 .data          0x00800200        0x0 c:/program files (x86)/atmel/avr tools/avr toolchain/bin/../lib/gcc/avr/4.5.1/../../../../avr/lib/avr6/crtm2560.o
 .data          0x00800200      0x1d1 elisa3aseba.o
                0x00800200                name
                0x00800287                vmDescription
 .data          0x008003d1        0x0 leds.o
 .data          0x008003d1        0x0 motors.o
 .data          0x008003d1        0x0 ports_io.o
 .data          0x008003d1        0x0 usart.o
 .data          0x008003d1       0x14 variables.o
                0x008003d1                k_ff_speed_control_left
                0x008003d3                k_ff_speed_control_right
                0x008003d5                compute_left_vel
                0x008003d6                compute_right_vel
                0x008003d7                firstSampleRight
                0x008003d8                firstSampleLeft
                0x008003d9                packetId
                0x008003da                pwm_red
                0x008003db                pwm_green
                0x008003dc                pwm_blue
                0x008003dd                peripheralChoice
                0x008003de                choosePeripheral
                0x008003df                irEnabled
                0x008003e0                checkGlitch
                0x008003e1                accelAddress
                0x008003e2                prevPosition
                0x008003e3                currPosition
                0x008003e4                robotPosition
 .data          0x008003e5        0x0 behaviors.o
 .data          0x008003e5        0x0 speed_control.o
 .data          0x008003e5        0x0 adc.o
 .data          0x008003e5        0x0 sensors.o
 .data          0x008003e5        0x0 twimaster.o
 .data          0x008003e5        0x0 vm-buffer.o
 .data          0x008003e5        0x0 vm.o
 .data          0x008003e5      0x8f7 natives.o
                0x0080041e                AsebaNativeDescription_veccopy
                0x0080045d                AsebaNativeDescription_vecfill
                0x008004be                AsebaNativeDescription_vecaddscalar
                0x00800514                AsebaNativeDescription_vecadd
                0x00800567                AsebaNativeDescription_vecsub
                0x008005b9                AsebaNativeDescription_vecmul
                0x00800607                AsebaNativeDescription_vecdiv
                0x00800664                AsebaNativeDescription_vecmin
                0x008006c1                AsebaNativeDescription_vecmax
                0x00800723                AsebaNativeDescription_vecdot
                0x0080076d                AsebaNativeDescription_vecstat
                0x008007eb                AsebaNativeDescription_vecargbounds
                0x00800847                AsebaNativeDescription_mathmuldiv
                0x0080089c                AsebaNativeDescription_mathatan2
                0x008008e3                AsebaNativeDescription_mathsin
                0x00800926                AsebaNativeDescription_mathcos
                0x0080095f                AsebaNativeDescription_mathrot2
                0x008009a8                AsebaNativeDescription_mathsqrt
                0x00800a50                AsebaNativeDescription_vecnonzerosequence
                0x00800a8c                AsebaNativeDescription_rand
 .data          0x00800cdc        0x0 utility.o
 .data          0x00800cdc        0x3 ir_remote_control.o
                0x00800cdc                check
 .data          0x00800cdf        0x0 mirf.o
 .data          0x00800cdf        0x0 spi.o
 .data          0x00800cdf        0x0 c:/program files (x86)/atmel/avr tools/avr toolchain/bin/../lib/gcc/avr/4.5.1/avr6\libgcc.a(_mulsi3.o)
 .data          0x00800cdf        0x0 c:/program files (x86)/atmel/avr tools/avr toolchain/bin/../lib/gcc/avr/4.5.1/avr6\libgcc.a(_udivmodhi4.o)
 .data          0x00800cdf        0x0 c:/program files (x86)/atmel/avr tools/avr toolchain/bin/../lib/gcc/avr/4.5.1/avr6\libgcc.a(_divmodhi4.o)
 .data          0x00800cdf        0x0 c:/program files (x86)/atmel/avr tools/avr toolchain/bin/../lib/gcc/avr/4.5.1/avr6\libgcc.a(_divmodsi4.o)
 .data          0x00800cdf        0x0 c:/program files (x86)/atmel/avr tools/avr toolchain/bin/../lib/gcc/avr/4.5.1/avr6\libgcc.a(_exit.o)
 .data          0x00800cdf        0x0 c:/program files (x86)/atmel/avr tools/avr toolchain/bin/../lib/gcc/avr/4.5.1/avr6\libgcc.a(_copy_data.o)
 .data          0x00800cdf        0x0 c:/program files (x86)/atmel/avr tools/avr toolchain/bin/../lib/gcc/avr/4.5.1/avr6\libgcc.a(_clear_bss.o)
 .data          0x00800cdf        0x0 c:/program files (x86)/atmel/avr tools/avr toolchain/bin/../lib/gcc/avr/4.5.1/avr6\libgcc.a(_mul_sf.o)
 .data          0x00800cdf        0x0 c:/program files (x86)/atmel/avr tools/avr toolchain/bin/../lib/gcc/avr/4.5.1/avr6\libgcc.a(_si_to_sf.o)
 .data          0x00800cdf        0x0 c:/program files (x86)/atmel/avr tools/avr toolchain/bin/../lib/gcc/avr/4.5.1/avr6\libgcc.a(_sf_to_si.o)
 .data          0x00800cdf        0x8 c:/program files (x86)/atmel/avr tools/avr toolchain/bin/../lib/gcc/avr/4.5.1/avr6\libgcc.a(_thenan_sf.o)
                0x00800cdf                __thenan_sf
 .data          0x00800ce7        0x0 c:/program files (x86)/atmel/avr tools/avr toolchain/bin/../lib/gcc/avr/4.5.1/avr6\libgcc.a(_udivmodsi4.o)
 .data          0x00800ce7        0x0 c:/program files (x86)/atmel/avr tools/avr toolchain/bin/../lib/gcc/avr/4.5.1/avr6\libgcc.a(_prologue.o)
 .data          0x00800ce7        0x0 c:/program files (x86)/atmel/avr tools/avr toolchain/bin/../lib/gcc/avr/4.5.1/avr6\libgcc.a(_epilogue.o)
 .data          0x00800ce7        0x0 c:/program files (x86)/atmel/avr tools/avr toolchain/bin/../lib/gcc/avr/4.5.1/avr6\libgcc.a(_clzsi2.o)
 .data          0x00800ce7        0x0 c:/program files (x86)/atmel/avr tools/avr toolchain/bin/../lib/gcc/avr/4.5.1/avr6\libgcc.a(_pack_sf.o)
 .data          0x00800ce7        0x0 c:/program files (x86)/atmel/avr tools/avr toolchain/bin/../lib/gcc/avr/4.5.1/avr6\libgcc.a(_unpack_sf.o)
 .data          0x00800ce7      0x100 c:/program files (x86)/atmel/avr tools/avr toolchain/bin/../lib/gcc/avr/4.5.1/avr6\libgcc.a(_clz.o)
                0x00800ce7                __clz_tab
 .data          0x00800de7        0x4 c:/program files (x86)/atmel/avr tools/avr toolchain/bin/../lib/gcc/avr/4.5.1/../../../../avr/lib/avr6\libc.a(rand.o)
 .data          0x00800deb        0x0 c:/program files (x86)/atmel/avr tools/avr toolchain/bin/../lib/gcc/avr/4.5.1/../../../../avr/lib/avr6\libc.a(memcpy.o)
 .data          0x00800deb        0x0 c:/program files (x86)/atmel/avr tools/avr toolchain/bin/../lib/gcc/avr/4.5.1/../../../../avr/lib/avr6\libc.a(memset.o)
 .data          0x00800deb        0x0 c:/program files (x86)/atmel/avr tools/avr toolchain/bin/../lib/gcc/avr/4.5.1/../../../../avr/lib/avr6\libc.a(atan2.o)
 .data          0x00800deb        0x0 c:/program files (x86)/atmel/avr tools/avr toolchain/bin/../lib/gcc/avr/4.5.1/../../../../avr/lib/avr6\libc.a(atan.o)
 .data          0x00800deb        0x0 c:/program files (x86)/atmel/avr tools/avr toolchain/bin/../lib/gcc/avr/4.5.1/../../../../avr/lib/avr6\libc.a(divsf3x.o)
 .data          0x00800deb        0x0 c:/program files (x86)/atmel/avr tools/avr toolchain/bin/../lib/gcc/avr/4.5.1/../../../../avr/lib/avr6\libc.a(fp_inf.o)
 .data          0x00800deb        0x0 c:/program files (x86)/atmel/avr tools/avr toolchain/bin/../lib/gcc/avr/4.5.1/../../../../avr/lib/avr6\libc.a(fp_nan.o)
 .data          0x00800deb        0x0 c:/program files (x86)/atmel/avr tools/avr toolchain/bin/../lib/gcc/avr/4.5.1/../../../../avr/lib/avr6\libc.a(fp_powser.o)
 .data          0x00800deb        0x0 c:/program files (x86)/atmel/avr tools/avr toolchain/bin/../lib/gcc/avr/4.5.1/../../../../avr/lib/avr6\libc.a(fp_pscA.o)
 .data          0x00800deb        0x0 c:/program files (x86)/atmel/avr tools/avr toolchain/bin/../lib/gcc/avr/4.5.1/../../../../avr/lib/avr6\libc.a(fp_pscB.o)
 .data          0x00800deb        0x0 c:/program files (x86)/atmel/avr tools/avr toolchain/bin/../lib/gcc/avr/4.5.1/../../../../avr/lib/avr6\libc.a(fp_round.o)
 .data          0x00800deb        0x0 c:/program files (x86)/atmel/avr tools/avr toolchain/bin/../lib/gcc/avr/4.5.1/../../../../avr/lib/avr6\libc.a(fp_split3.o)
 .data          0x00800deb        0x0 c:/program files (x86)/atmel/avr tools/avr toolchain/bin/../lib/gcc/avr/4.5.1/../../../../avr/lib/avr6\libc.a(fp_zero.o)
 .data          0x00800deb        0x0 c:/program files (x86)/atmel/avr tools/avr toolchain/bin/../lib/gcc/avr/4.5.1/../../../../avr/lib/avr6\libc.a(inverse.o)
 .data          0x00800deb        0x0 c:/program files (x86)/atmel/avr tools/avr toolchain/bin/../lib/gcc/avr/4.5.1/../../../../avr/lib/avr6\libc.a(mulsf3x.o)
 .data          0x00800deb        0x0 c:/program files (x86)/atmel/avr tools/avr toolchain/bin/../lib/gcc/avr/4.5.1/../../../../avr/lib/avr6\libc.a(square.o)
 .data          0x00800deb        0x0 c:/program files (x86)/atmel/avr tools/avr toolchain/bin/../lib/gcc/avr/4.5.1/../../../../avr/lib/avr6\libc.a(eerd_word_atmega2560.o)
 .data          0x00800deb        0x0 c:/program files (x86)/atmel/avr tools/avr toolchain/bin/../lib/gcc/avr/4.5.1/../../../../avr/lib/avr6\libc.a(eewr_word_atmega2560.o)
 .data          0x00800deb        0x0 c:/program files (x86)/atmel/avr tools/avr toolchain/bin/../lib/gcc/avr/4.5.1/../../../../avr/lib/avr6\libc.a(addsf3.o)
 .data          0x00800deb        0x0 c:/program files (x86)/atmel/avr tools/avr toolchain/bin/../lib/gcc/avr/4.5.1/../../../../avr/lib/avr6\libc.a(addsf3x.o)
 .data          0x00800deb        0x0 c:/program files (x86)/atmel/avr tools/avr toolchain/bin/../lib/gcc/avr/4.5.1/../../../../avr/lib/avr6\libc.a(divsf3.o)
 .data          0x00800deb        0x0 c:/program files (x86)/atmel/avr tools/avr toolchain/bin/../lib/gcc/avr/4.5.1/../../../../avr/lib/avr6\libc.a(eerd_block_atmega2560.o)
 .data          0x00800deb        0x0 c:/program files (x86)/atmel/avr tools/avr toolchain/bin/../lib/gcc/avr/4.5.1/../../../../avr/lib/avr6\libc.a(eewr_byte_atmega2560.o)
 *(.data*)
 *(.rodata)
 *(.rodata*)
 *(.gnu.linkonce.d*)
                0x00800dec                . = ALIGN (0x2)
 *fill*         0x00800deb        0x1 00
                0x00800dec                _edata = .
                0x00800dec                PROVIDE (__data_end, .)

.bss            0x00800dec      0xe2c
                0x00800dec                PROVIDE (__bss_start, .)
 *(.bss)
 .bss           0x00800dec        0x0 c:/program files (x86)/atmel/avr tools/avr toolchain/bin/../lib/gcc/avr/4.5.1/../../../../avr/lib/avr6/crtm2560.o
 .bss           0x00800dec      0x846 elisa3aseba.o
 .bss           0x00801632        0x0 leds.o
 .bss           0x00801632        0x0 motors.o
 .bss           0x00801632        0x0 ports_io.o
 .bss           0x00801632        0x0 usart.o
 .bss           0x00801632      0x20e variables.o
                0x00801632                currentAdChannel
                0x00801633                currentProx
                0x00801634                currentMotLeftChannel
                0x00801635                currentMotRightChannel
                0x00801636                rightMotorPhase
                0x00801637                leftMotorPhase
                0x00801638                proximityValue
                0x00801668                proximityResult
                0x00801680                proximityOffset
                0x00801698                proximitySum
                0x008016c8                adcSaveDataTo
                0x008016c9                adcSamplingState
                0x008016ca                rightChannelPhase
                0x008016cb                leftChannelPhase
                0x008016cc                batteryLevel
                0x008016ce                measBattery
                0x008016cf                proxUpdated
                0x008016d0                proximityResultLinear
                0x008016e0                left_current_avg
                0x008016e2                right_current_avg
                0x008016e4                last_left_current
                0x008016e6                last_right_current
                0x008016e8                pwm_right_desired_to_control
                0x008016ea                pwm_left_desired_to_control
                0x008016ec                left_vel_sum
                0x008016ee                right_vel_sum
                0x008016f0                last_left_vel
                0x008016f2                last_right_vel
                0x008016f4                pwm_right
                0x008016f6                pwm_left
                0x008016f8                pwm_right_desired
                0x008016fa                pwm_left_desired
                0x008016fc                pwm_right_speed_controller
                0x008016fe                pwm_left_speed_controller
                0x00801700                delta_left_speed_sum
                0x00801702                delta_right_speed_sum
                0x00801704                pwm_right_working
                0x00801706                pwm_left_working
                0x00801708                speedl
                0x0080170a                speedr
                0x0080170c                rfAddress
                0x0080170e                blinkState
                0x0080170f                sendAdcValues
                0x00801710                commError
                0x00801711                byteCount
                0x00801713                uartBuff
                0x00801813                nextByteIndex
                0x00801814                currByteIndex
                0x00801815                irCommand
                0x00801816                command_received
                0x00801817                colorState
                0x00801818                behaviorState
                0x00801819                useAccel
                0x0080181a                accX
                0x0080181c                accY
                0x0080181e                accZ
                0x00801820                accOffsetX
                0x00801822                accOffsetY
                0x00801824                accOffsetZ
                0x00801826                accOffsetXSum
                0x00801828                accOffsetYSum
                0x0080182a                accOffsetZSum
                0x0080182c                currentAngle
                0x0080182e                timesInSamePos
                0x0080182f                accBuff
                0x00801835                clockTick
                0x00801839                currentSelector
                0x0080183a                calibrationCycle
                0x0080183c                hardwareRevision
                0x0080183d                obstacleAvoidanceEnabled
                0x0080183e                cliffAvoidanceEnabled
                0x0080183f                cliffDetectedFlag
 .bss           0x00801840        0x0 behaviors.o
 .bss           0x00801840        0x0 speed_control.o
 .bss           0x00801840        0x0 adc.o
 .bss           0x00801840        0x0 sensors.o
 .bss           0x00801840        0x0 twimaster.o
 .bss           0x00801840      0x208 vm-buffer.o
 .bss           0x00801a48        0x0 vm.o
 .bss           0x00801a48        0x2 natives.o
 .bss           0x00801a4a        0x0 utility.o
 .bss           0x00801a4a        0x5 ir_remote_control.o
                0x00801a4a                address
                0x00801a4b                data_ir
 .bss           0x00801a4f        0x0 mirf.o
 .bss           0x00801a4f        0x0 spi.o
 .bss           0x00801a4f        0x0 c:/program files (x86)/atmel/avr tools/avr toolchain/bin/../lib/gcc/avr/4.5.1/avr6\libgcc.a(_mulsi3.o)
 .bss           0x00801a4f        0x0 c:/program files (x86)/atmel/avr tools/avr toolchain/bin/../lib/gcc/avr/4.5.1/avr6\libgcc.a(_udivmodhi4.o)
 .bss           0x00801a4f        0x0 c:/program files (x86)/atmel/avr tools/avr toolchain/bin/../lib/gcc/avr/4.5.1/avr6\libgcc.a(_divmodhi4.o)
 .bss           0x00801a4f        0x0 c:/program files (x86)/atmel/avr tools/avr toolchain/bin/../lib/gcc/avr/4.5.1/avr6\libgcc.a(_divmodsi4.o)
 .bss           0x00801a4f        0x0 c:/program files (x86)/atmel/avr tools/avr toolchain/bin/../lib/gcc/avr/4.5.1/avr6\libgcc.a(_exit.o)
 .bss           0x00801a4f        0x0 c:/program files (x86)/atmel/avr tools/avr toolchain/bin/../lib/gcc/avr/4.5.1/avr6\libgcc.a(_copy_data.o)
 .bss           0x00801a4f        0x0 c:/program files (x86)/atmel/avr tools/avr toolchain/bin/../lib/gcc/avr/4.5.1/avr6\libgcc.a(_clear_bss.o)
 .bss           0x00801a4f        0x0 c:/program files (x86)/atmel/avr tools/avr toolchain/bin/../lib/gcc/avr/4.5.1/avr6\libgcc.a(_mul_sf.o)
 .bss           0x00801a4f        0x0 c:/program files (x86)/atmel/avr tools/avr toolchain/bin/../lib/gcc/avr/4.5.1/avr6\libgcc.a(_si_to_sf.o)
 .bss           0x00801a4f        0x0 c:/program files (x86)/atmel/avr tools/avr toolchain/bin/../lib/gcc/avr/4.5.1/avr6\libgcc.a(_sf_to_si.o)
 .bss           0x00801a4f        0x0 c:/program files (x86)/atmel/avr tools/avr toolchain/bin/../lib/gcc/avr/4.5.1/avr6\libgcc.a(_thenan_sf.o)
 .bss           0x00801a4f        0x0 c:/program files (x86)/atmel/avr tools/avr toolchain/bin/../lib/gcc/avr/4.5.1/avr6\libgcc.a(_udivmodsi4.o)
 .bss           0x00801a4f        0x0 c:/program files (x86)/atmel/avr tools/avr toolchain/bin/../lib/gcc/avr/4.5.1/avr6\libgcc.a(_prologue.o)
 .bss           0x00801a4f        0x0 c:/program files (x86)/atmel/avr tools/avr toolchain/bin/../lib/gcc/avr/4.5.1/avr6\libgcc.a(_epilogue.o)
 .bss           0x00801a4f        0x0 c:/program files (x86)/atmel/avr tools/avr toolchain/bin/../lib/gcc/avr/4.5.1/avr6\libgcc.a(_clzsi2.o)
 .bss           0x00801a4f        0x0 c:/program files (x86)/atmel/avr tools/avr toolchain/bin/../lib/gcc/avr/4.5.1/avr6\libgcc.a(_pack_sf.o)
 .bss           0x00801a4f        0x0 c:/program files (x86)/atmel/avr tools/avr toolchain/bin/../lib/gcc/avr/4.5.1/avr6\libgcc.a(_unpack_sf.o)
 .bss           0x00801a4f        0x0 c:/program files (x86)/atmel/avr tools/avr toolchain/bin/../lib/gcc/avr/4.5.1/avr6\libgcc.a(_clz.o)
 .bss           0x00801a4f        0x0 c:/program files (x86)/atmel/avr tools/avr toolchain/bin/../lib/gcc/avr/4.5.1/../../../../avr/lib/avr6\libc.a(rand.o)
 .bss           0x00801a4f        0x0 c:/program files (x86)/atmel/avr tools/avr toolchain/bin/../lib/gcc/avr/4.5.1/../../../../avr/lib/avr6\libc.a(memcpy.o)
 .bss           0x00801a4f        0x0 c:/program files (x86)/atmel/avr tools/avr toolchain/bin/../lib/gcc/avr/4.5.1/../../../../avr/lib/avr6\libc.a(memset.o)
 .bss           0x00801a4f        0x0 c:/program files (x86)/atmel/avr tools/avr toolchain/bin/../lib/gcc/avr/4.5.1/../../../../avr/lib/avr6\libc.a(atan2.o)
 .bss           0x00801a4f        0x0 c:/program files (x86)/atmel/avr tools/avr toolchain/bin/../lib/gcc/avr/4.5.1/../../../../avr/lib/avr6\libc.a(atan.o)
 .bss           0x00801a4f        0x0 c:/program files (x86)/atmel/avr tools/avr toolchain/bin/../lib/gcc/avr/4.5.1/../../../../avr/lib/avr6\libc.a(divsf3x.o)
 .bss           0x00801a4f        0x0 c:/program files (x86)/atmel/avr tools/avr toolchain/bin/../lib/gcc/avr/4.5.1/../../../../avr/lib/avr6\libc.a(fp_inf.o)
 .bss           0x00801a4f        0x0 c:/program files (x86)/atmel/avr tools/avr toolchain/bin/../lib/gcc/avr/4.5.1/../../../../avr/lib/avr6\libc.a(fp_nan.o)
 .bss           0x00801a4f        0x0 c:/program files (x86)/atmel/avr tools/avr toolchain/bin/../lib/gcc/avr/4.5.1/../../../../avr/lib/avr6\libc.a(fp_powser.o)
 .bss           0x00801a4f        0x0 c:/program files (x86)/atmel/avr tools/avr toolchain/bin/../lib/gcc/avr/4.5.1/../../../../avr/lib/avr6\libc.a(fp_pscA.o)
 .bss           0x00801a4f        0x0 c:/program files (x86)/atmel/avr tools/avr toolchain/bin/../lib/gcc/avr/4.5.1/../../../../avr/lib/avr6\libc.a(fp_pscB.o)
 .bss           0x00801a4f        0x0 c:/program files (x86)/atmel/avr tools/avr toolchain/bin/../lib/gcc/avr/4.5.1/../../../../avr/lib/avr6\libc.a(fp_round.o)
 .bss           0x00801a4f        0x0 c:/program files (x86)/atmel/avr tools/avr toolchain/bin/../lib/gcc/avr/4.5.1/../../../../avr/lib/avr6\libc.a(fp_split3.o)
 .bss           0x00801a4f        0x0 c:/program files (x86)/atmel/avr tools/avr toolchain/bin/../lib/gcc/avr/4.5.1/../../../../avr/lib/avr6\libc.a(fp_zero.o)
 .bss           0x00801a4f        0x0 c:/program files (x86)/atmel/avr tools/avr toolchain/bin/../lib/gcc/avr/4.5.1/../../../../avr/lib/avr6\libc.a(inverse.o)
 .bss           0x00801a4f        0x0 c:/program files (x86)/atmel/avr tools/avr toolchain/bin/../lib/gcc/avr/4.5.1/../../../../avr/lib/avr6\libc.a(mulsf3x.o)
 .bss           0x00801a4f        0x0 c:/program files (x86)/atmel/avr tools/avr toolchain/bin/../lib/gcc/avr/4.5.1/../../../../avr/lib/avr6\libc.a(square.o)
 .bss           0x00801a4f        0x0 c:/program files (x86)/atmel/avr tools/avr toolchain/bin/../lib/gcc/avr/4.5.1/../../../../avr/lib/avr6\libc.a(eerd_word_atmega2560.o)
 .bss           0x00801a4f        0x0 c:/program files (x86)/atmel/avr tools/avr toolchain/bin/../lib/gcc/avr/4.5.1/../../../../avr/lib/avr6\libc.a(eewr_word_atmega2560.o)
 .bss           0x00801a4f        0x0 c:/program files (x86)/atmel/avr tools/avr toolchain/bin/../lib/gcc/avr/4.5.1/../../../../avr/lib/avr6\libc.a(addsf3.o)
 .bss           0x00801a4f        0x0 c:/program files (x86)/atmel/avr tools/avr toolchain/bin/../lib/gcc/avr/4.5.1/../../../../avr/lib/avr6\libc.a(addsf3x.o)
 .bss           0x00801a4f        0x0 c:/program files (x86)/atmel/avr tools/avr toolchain/bin/../lib/gcc/avr/4.5.1/../../../../avr/lib/avr6\libc.a(divsf3.o)
 .bss           0x00801a4f        0x0 c:/program files (x86)/atmel/avr tools/avr toolchain/bin/../lib/gcc/avr/4.5.1/../../../../avr/lib/avr6\libc.a(eerd_block_atmega2560.o)
 .bss           0x00801a4f        0x0 c:/program files (x86)/atmel/avr tools/avr toolchain/bin/../lib/gcc/avr/4.5.1/../../../../avr/lib/avr6\libc.a(eewr_byte_atmega2560.o)
 *(.bss*)
 *(COMMON)
 COMMON         0x00801a4f      0x19c elisa3aseba.o
                0x00801a4f                elisa3Variables
 COMMON         0x00801beb       0x2c variables.o
                0x00801beb                delta_left_speed_current
                0x00801bed                delta_right_speed_prev
                0x00801bef                ackPayload
                0x00801bff                dataLED
                0x00801c05                delta_left_speed_prev
                0x00801c07                rfData
                0x00801c14                delta_right_speed_current
                0x00801c16                startCalibration
 COMMON         0x00801c17        0x1 mirf.o
                0x00801c17                PTX
                0x00801c18                PROVIDE (__bss_end, .)
                0x00007260                __data_load_start = LOADADDR (.data)
                0x00007e4c                __data_load_end = (__data_load_start + SIZEOF (.data))

.noinit         0x00801c18        0x0
                0x00801c18                PROVIDE (__noinit_start, .)
 *(.noinit*)
                0x00801c18                PROVIDE (__noinit_end, .)
                0x00801c18                _end = .
                0x00801c18                PROVIDE (__heap_start, .)

.eeprom         0x00810000      0x802
 *(.eeprom*)
 .eeprom        0x00810000      0x802 elisa3aseba.o
                0x00810000                bytecode_version
                0x00810002                eeprom_bytecode
                0x00810802                __eeprom_end = .

.fuse
 *(.fuse)
 *(.lfuse)
 *(.hfuse)
 *(.efuse)

.lock
 *(.lock*)

.signature
 *(.signature*)

.stab           0x00000000     0x26dc
 *(.stab)
 .stab          0x00000000      0x6e4 c:/program files (x86)/atmel/avr tools/avr toolchain/bin/../lib/gcc/avr/4.5.1/../../../../avr/lib/avr6/crtm2560.o
 .stab          0x000006e4       0x84 c:/program files (x86)/atmel/avr tools/avr toolchain/bin/../lib/gcc/avr/4.5.1/../../../../avr/lib/avr6\libc.a(memcpy.o)
                                 0x90 (size before relaxing)
 .stab          0x00000768       0x6c c:/program files (x86)/atmel/avr tools/avr toolchain/bin/../lib/gcc/avr/4.5.1/../../../../avr/lib/avr6\libc.a(memset.o)
                                 0x78 (size before relaxing)
 .stab          0x000007d4      0x2f4 c:/program files (x86)/atmel/avr tools/avr toolchain/bin/../lib/gcc/avr/4.5.1/../../../../avr/lib/avr6\libc.a(atan2.o)
                                0x300 (size before relaxing)
 .stab          0x00000ac8      0x210 c:/program files (x86)/atmel/avr tools/avr toolchain/bin/../lib/gcc/avr/4.5.1/../../../../avr/lib/avr6\libc.a(atan.o)
                                0x21c (size before relaxing)
 .stab          0x00000cd8      0x510 c:/program files (x86)/atmel/avr tools/avr toolchain/bin/../lib/gcc/avr/4.5.1/../../../../avr/lib/avr6\libc.a(divsf3x.o)
                                0x51c (size before relaxing)
 .stab          0x000011e8       0x78 c:/program files (x86)/atmel/avr tools/avr toolchain/bin/../lib/gcc/avr/4.5.1/../../../../avr/lib/avr6\libc.a(fp_inf.o)
                                 0x84 (size before relaxing)
 .stab          0x00001260       0x54 c:/program files (x86)/atmel/avr tools/avr toolchain/bin/../lib/gcc/avr/4.5.1/../../../../avr/lib/avr6\libc.a(fp_nan.o)
                                 0x60 (size before relaxing)
 .stab          0x000012b4      0x1ec c:/program files (x86)/atmel/avr tools/avr toolchain/bin/../lib/gcc/avr/4.5.1/../../../../avr/lib/avr6\libc.a(fp_powser.o)
                                0x1f8 (size before relaxing)
 .stab          0x000014a0       0x84 c:/program files (x86)/atmel/avr tools/avr toolchain/bin/../lib/gcc/avr/4.5.1/../../../../avr/lib/avr6\libc.a(fp_pscA.o)
                                 0x90 (size before relaxing)
 .stab          0x00001524       0x84 c:/program files (x86)/atmel/avr tools/avr toolchain/bin/../lib/gcc/avr/4.5.1/../../../../avr/lib/avr6\libc.a(fp_pscB.o)
                                 0x90 (size before relaxing)
 .stab          0x000015a8       0xfc c:/program files (x86)/atmel/avr tools/avr toolchain/bin/../lib/gcc/avr/4.5.1/../../../../avr/lib/avr6\libc.a(fp_round.o)
                                0x108 (size before relaxing)
 .stab          0x000016a4      0x1d4 c:/program files (x86)/atmel/avr tools/avr toolchain/bin/../lib/gcc/avr/4.5.1/../../../../avr/lib/avr6\libc.a(fp_split3.o)
                                0x1e0 (size before relaxing)
 .stab          0x00001878       0x90 c:/program files (x86)/atmel/avr tools/avr toolchain/bin/../lib/gcc/avr/4.5.1/../../../../avr/lib/avr6\libc.a(fp_zero.o)
                                 0x9c (size before relaxing)
 .stab          0x00001908       0x84 c:/program files (x86)/atmel/avr tools/avr toolchain/bin/../lib/gcc/avr/4.5.1/../../../../avr/lib/avr6\libc.a(inverse.o)
                                 0x90 (size before relaxing)
 .stab          0x0000198c      0x4d4 c:/program files (x86)/atmel/avr tools/avr toolchain/bin/../lib/gcc/avr/4.5.1/../../../../avr/lib/avr6\libc.a(mulsf3x.o)
                                0x4e0 (size before relaxing)
 .stab          0x00001e60       0x54 c:/program files (x86)/atmel/avr tools/avr toolchain/bin/../lib/gcc/avr/4.5.1/../../../../avr/lib/avr6\libc.a(square.o)
                                 0x60 (size before relaxing)
 .stab          0x00001eb4       0x6c c:/program files (x86)/atmel/avr tools/avr toolchain/bin/../lib/gcc/avr/4.5.1/../../../../avr/lib/avr6\libc.a(eerd_word_atmega2560.o)
                                 0x78 (size before relaxing)
 .stab          0x00001f20       0x54 c:/program files (x86)/atmel/avr tools/avr toolchain/bin/../lib/gcc/avr/4.5.1/../../../../avr/lib/avr6\libc.a(eewr_word_atmega2560.o)
                                 0x60 (size before relaxing)
 .stab          0x00001f74       0x78 c:/program files (x86)/atmel/avr tools/avr toolchain/bin/../lib/gcc/avr/4.5.1/../../../../avr/lib/avr6\libc.a(addsf3.o)
                                 0x84 (size before relaxing)
 .stab          0x00001fec      0x4bc c:/program files (x86)/atmel/avr tools/avr toolchain/bin/../lib/gcc/avr/4.5.1/../../../../avr/lib/avr6\libc.a(addsf3x.o)
                                0x4c8 (size before relaxing)
 .stab          0x000024a8       0x48 c:/program files (x86)/atmel/avr tools/avr toolchain/bin/../lib/gcc/avr/4.5.1/../../../../avr/lib/avr6\libc.a(divsf3.o)
                                 0x54 (size before relaxing)
 .stab          0x000024f0      0x108 c:/program files (x86)/atmel/avr tools/avr toolchain/bin/../lib/gcc/avr/4.5.1/../../../../avr/lib/avr6\libc.a(eerd_block_atmega2560.o)
                                0x114 (size before relaxing)
 .stab          0x000025f8       0xe4 c:/program files (x86)/atmel/avr tools/avr toolchain/bin/../lib/gcc/avr/4.5.1/../../../../avr/lib/avr6\libc.a(eewr_byte_atmega2560.o)
                                 0xf0 (size before relaxing)

.stabstr        0x00000000      0x953
 *(.stabstr)
 .stabstr       0x00000000      0x953 c:/program files (x86)/atmel/avr tools/avr toolchain/bin/../lib/gcc/avr/4.5.1/../../../../avr/lib/avr6/crtm2560.o

.stab.excl
 *(.stab.excl)

.stab.exclstr
 *(.stab.exclstr)

.stab.index
 *(.stab.index)

.stab.indexstr
 *(.stab.indexstr)

.comment
 *(.comment)

.debug
 *(.debug)

.line
 *(.line)

.debug_srcinfo
 *(.debug_srcinfo)

.debug_sfnames
 *(.debug_sfnames)

.debug_aranges  0x00000000      0x318
 *(.debug_aranges)
 .debug_aranges
                0x00000000       0x20 elisa3aseba.o
 .debug_aranges
                0x00000020       0x20 leds.o
 .debug_aranges
                0x00000040       0x20 motors.o
 .debug_aranges
                0x00000060       0x20 ports_io.o
 .debug_aranges
                0x00000080       0x20 usart.o
 .debug_aranges
                0x000000a0       0x20 behaviors.o
 .debug_aranges
                0x000000c0       0x20 speed_control.o
 .debug_aranges
                0x000000e0       0x20 adc.o
 .debug_aranges
                0x00000100       0x20 sensors.o
 .debug_aranges
                0x00000120       0x20 twimaster.o
 .debug_aranges
                0x00000140       0x20 vm-buffer.o
 .debug_aranges
                0x00000160       0x20 vm.o
 .debug_aranges
                0x00000180       0x20 natives.o
 .debug_aranges
                0x000001a0       0x20 utility.o
 .debug_aranges
                0x000001c0       0x20 ir_remote_control.o
 .debug_aranges
                0x000001e0       0x20 mirf.o
 .debug_aranges
                0x00000200       0x20 spi.o
 .debug_aranges
                0x00000220       0x20 c:/program files (x86)/atmel/avr tools/avr toolchain/bin/../lib/gcc/avr/4.5.1/avr6\libgcc.a(_mul_sf.o)
 .debug_aranges
                0x00000240       0x20 c:/program files (x86)/atmel/avr tools/avr toolchain/bin/../lib/gcc/avr/4.5.1/avr6\libgcc.a(_si_to_sf.o)
 .debug_aranges
                0x00000260       0x20 c:/program files (x86)/atmel/avr tools/avr toolchain/bin/../lib/gcc/avr/4.5.1/avr6\libgcc.a(_sf_to_si.o)
 .debug_aranges
                0x00000280       0x20 c:/program files (x86)/atmel/avr tools/avr toolchain/bin/../lib/gcc/avr/4.5.1/avr6\libgcc.a(_clzsi2.o)
 .debug_aranges
                0x000002a0       0x20 c:/program files (x86)/atmel/avr tools/avr toolchain/bin/../lib/gcc/avr/4.5.1/avr6\libgcc.a(_pack_sf.o)
 .debug_aranges
                0x000002c0       0x20 c:/program files (x86)/atmel/avr tools/avr toolchain/bin/../lib/gcc/avr/4.5.1/avr6\libgcc.a(_unpack_sf.o)
 .debug_aranges
                0x000002e0       0x38 c:/program files (x86)/atmel/avr tools/avr toolchain/bin/../lib/gcc/avr/4.5.1/../../../../avr/lib/avr6\libc.a(rand.o)

.debug_pubnames
                0x00000000     0x19f9
 *(.debug_pubnames)
 .debug_pubnames
                0x00000000      0x1ef elisa3aseba.o
 .debug_pubnames
                0x000001ef       0xa3 leds.o
 .debug_pubnames
                0x00000292       0xe9 motors.o
 .debug_pubnames
                0x0000037b       0x22 ports_io.o
 .debug_pubnames
                0x0000039d       0xa2 usart.o
 .debug_pubnames
                0x0000043f      0x761 variables.o
 .debug_pubnames
                0x00000ba0       0xb8 behaviors.o
 .debug_pubnames
                0x00000c58       0xc7 speed_control.o
 .debug_pubnames
                0x00000d1f       0x2e adc.o
 .debug_pubnames
                0x00000d4d       0xb6 sensors.o
 .debug_pubnames
                0x00000e03       0x9b twimaster.o
 .debug_pubnames
                0x00000e9e       0x76 vm-buffer.o
 .debug_pubnames
                0x00000f14      0x189 vm.o
 .debug_pubnames
                0x0000109d      0x537 natives.o
 .debug_pubnames
                0x000015d4       0x7c utility.o
 .debug_pubnames
                0x00001650       0xd3 ir_remote_control.o
 .debug_pubnames
                0x00001723      0x13a mirf.o
 .debug_pubnames
                0x0000185d       0x6a spi.o
 .debug_pubnames
                0x000018c7       0x1f c:/program files (x86)/atmel/avr tools/avr toolchain/bin/../lib/gcc/avr/4.5.1/avr6\libgcc.a(_mul_sf.o)
 .debug_pubnames
                0x000018e6       0x22 c:/program files (x86)/atmel/avr tools/avr toolchain/bin/../lib/gcc/avr/4.5.1/avr6\libgcc.a(_si_to_sf.o)
 .debug_pubnames
                0x00001908       0x20 c:/program files (x86)/atmel/avr tools/avr toolchain/bin/../lib/gcc/avr/4.5.1/avr6\libgcc.a(_sf_to_si.o)
 .debug_pubnames
                0x00001928       0x22 c:/program files (x86)/atmel/avr tools/avr toolchain/bin/../lib/gcc/avr/4.5.1/avr6\libgcc.a(_thenan_sf.o)
 .debug_pubnames
                0x0000194a       0x1f c:/program files (x86)/atmel/avr tools/avr toolchain/bin/../lib/gcc/avr/4.5.1/avr6\libgcc.a(_clzsi2.o)
 .debug_pubnames
                0x00001969       0x1f c:/program files (x86)/atmel/avr tools/avr toolchain/bin/../lib/gcc/avr/4.5.1/avr6\libgcc.a(_pack_sf.o)
 .debug_pubnames
                0x00001988       0x21 c:/program files (x86)/atmel/avr tools/avr toolchain/bin/../lib/gcc/avr/4.5.1/avr6\libgcc.a(_unpack_sf.o)
 .debug_pubnames
                0x000019a9       0x20 c:/program files (x86)/atmel/avr tools/avr toolchain/bin/../lib/gcc/avr/4.5.1/avr6\libgcc.a(_clz.o)
 .debug_pubnames
                0x000019c9       0x30 c:/program files (x86)/atmel/avr tools/avr toolchain/bin/../lib/gcc/avr/4.5.1/../../../../avr/lib/avr6\libc.a(rand.o)

.debug_info     0x00000000     0x7573
 *(.debug_info)
 .debug_info    0x00000000      0xf3c elisa3aseba.o
 .debug_info    0x00000f3c      0x1dd leds.o
 .debug_info    0x00001119      0x443 motors.o
 .debug_info    0x0000155c       0x98 ports_io.o
 .debug_info    0x000015f4      0x1e7 usart.o
 .debug_info    0x000017db      0x7dc variables.o
 .debug_info    0x00001fb7      0x20a behaviors.o
 .debug_info    0x000021c1      0x26e speed_control.o
 .debug_info    0x0000242f      0x417 adc.o
 .debug_info    0x00002846      0x4c3 sensors.o
 .debug_info    0x00002d09      0x1bf twimaster.o
 .debug_info    0x00002ec8      0x7e0 vm-buffer.o
 .debug_info    0x000036a8      0xc54 vm.o
 .debug_info    0x000042fc     0x1348 natives.o
 .debug_info    0x00005644      0x20b utility.o
 .debug_info    0x0000584f      0x3a6 ir_remote_control.o
 .debug_info    0x00005bf5      0x60c mirf.o
 .debug_info    0x00006201      0x15f spi.o
 .debug_info    0x00006360      0x429 c:/program files (x86)/atmel/avr tools/avr toolchain/bin/../lib/gcc/avr/4.5.1/avr6\libgcc.a(_mul_sf.o)
 .debug_info    0x00006789      0x207 c:/program files (x86)/atmel/avr tools/avr toolchain/bin/../lib/gcc/avr/4.5.1/avr6\libgcc.a(_si_to_sf.o)
 .debug_info    0x00006990      0x2b0 c:/program files (x86)/atmel/avr tools/avr toolchain/bin/../lib/gcc/avr/4.5.1/avr6\libgcc.a(_sf_to_si.o)
 .debug_info    0x00006c40      0x12c c:/program files (x86)/atmel/avr tools/avr toolchain/bin/../lib/gcc/avr/4.5.1/avr6\libgcc.a(_thenan_sf.o)
 .debug_info    0x00006d6c      0x10c c:/program files (x86)/atmel/avr tools/avr toolchain/bin/../lib/gcc/avr/4.5.1/avr6\libgcc.a(_clzsi2.o)
 .debug_info    0x00006e78      0x2ec c:/program files (x86)/atmel/avr tools/avr toolchain/bin/../lib/gcc/avr/4.5.1/avr6\libgcc.a(_pack_sf.o)
 .debug_info    0x00007164      0x251 c:/program files (x86)/atmel/avr tools/avr toolchain/bin/../lib/gcc/avr/4.5.1/avr6\libgcc.a(_unpack_sf.o)
 .debug_info    0x000073b5       0x9e c:/program files (x86)/atmel/avr tools/avr toolchain/bin/../lib/gcc/avr/4.5.1/avr6\libgcc.a(_clz.o)
 .debug_info    0x00007453      0x120 c:/program files (x86)/atmel/avr tools/avr toolchain/bin/../lib/gcc/avr/4.5.1/../../../../avr/lib/avr6\libc.a(rand.o)
 *(.gnu.linkonce.wi.*)

.debug_abbrev   0x00000000     0x1df4
 *(.debug_abbrev)
 .debug_abbrev  0x00000000      0x2e2 elisa3aseba.o
 .debug_abbrev  0x000002e2       0x90 leds.o
 .debug_abbrev  0x00000372       0xab motors.o
 .debug_abbrev  0x0000041d       0x5d ports_io.o
 .debug_abbrev  0x0000047a       0xf2 usart.o
 .debug_abbrev  0x0000056c       0x54 variables.o
 .debug_abbrev  0x000005c0       0xcf behaviors.o
 .debug_abbrev  0x0000068f       0x7d speed_control.o
 .debug_abbrev  0x0000070c       0x9c adc.o
 .debug_abbrev  0x000007a8       0xd5 sensors.o
 .debug_abbrev  0x0000087d       0xd3 twimaster.o
 .debug_abbrev  0x00000950      0x1ba vm-buffer.o
 .debug_abbrev  0x00000b0a      0x295 vm.o
 .debug_abbrev  0x00000d9f      0x1db natives.o
 .debug_abbrev  0x00000f7a       0xba utility.o
 .debug_abbrev  0x00001034      0x121 ir_remote_control.o
 .debug_abbrev  0x00001155      0x164 mirf.o
 .debug_abbrev  0x000012b9       0xbd spi.o
 .debug_abbrev  0x00001376      0x20c c:/program files (x86)/atmel/avr tools/avr toolchain/bin/../lib/gcc/avr/4.5.1/avr6\libgcc.a(_mul_sf.o)
 .debug_abbrev  0x00001582      0x148 c:/program files (x86)/atmel/avr tools/avr toolchain/bin/../lib/gcc/avr/4.5.1/avr6\libgcc.a(_si_to_sf.o)
 .debug_abbrev  0x000016ca      0x17f c:/program files (x86)/atmel/avr tools/avr toolchain/bin/../lib/gcc/avr/4.5.1/avr6\libgcc.a(_sf_to_si.o)
 .debug_abbrev  0x00001849       0xad c:/program files (x86)/atmel/avr tools/avr toolchain/bin/../lib/gcc/avr/4.5.1/avr6\libgcc.a(_thenan_sf.o)
 .debug_abbrev  0x000018f6       0xc2 c:/program files (x86)/atmel/avr tools/avr toolchain/bin/../lib/gcc/avr/4.5.1/avr6\libgcc.a(_clzsi2.o)
 .debug_abbrev  0x000019b8      0x1b3 c:/program files (x86)/atmel/avr tools/avr toolchain/bin/../lib/gcc/avr/4.5.1/avr6\libgcc.a(_pack_sf.o)
 .debug_abbrev  0x00001b6b      0x154 c:/program files (x86)/atmel/avr tools/avr toolchain/bin/../lib/gcc/avr/4.5.1/avr6\libgcc.a(_unpack_sf.o)
 .debug_abbrev  0x00001cbf       0x68 c:/program files (x86)/atmel/avr tools/avr toolchain/bin/../lib/gcc/avr/4.5.1/avr6\libgcc.a(_clz.o)
 .debug_abbrev  0x00001d27       0xcd c:/program files (x86)/atmel/avr tools/avr toolchain/bin/../lib/gcc/avr/4.5.1/../../../../avr/lib/avr6\libc.a(rand.o)

.debug_line     0x00000000     0x66ff
 *(.debug_line)
 .debug_line    0x00000000      0x8a9 elisa3aseba.o
 .debug_line    0x000008a9      0x34c leds.o
 .debug_line    0x00000bf5      0x6b6 motors.o
 .debug_line    0x000012ab      0x1f8 ports_io.o
 .debug_line    0x000014a3      0x255 usart.o
 .debug_line    0x000016f8       0x50 variables.o
 .debug_line    0x00001748      0x249 behaviors.o
 .debug_line    0x00001991      0x5d3 speed_control.o
 .debug_line    0x00001f64      0x533 adc.o
 .debug_line    0x00002497      0x67b sensors.o
 .debug_line    0x00002b12      0x2d6 twimaster.o
 .debug_line    0x00002de8      0x4b7 vm-buffer.o
 .debug_line    0x0000329f      0x9e9 vm.o
 .debug_line    0x00003c88      0xc4d natives.o
 .debug_line    0x000048d5      0x32f utility.o
 .debug_line    0x00004c04      0x609 ir_remote_control.o
 .debug_line    0x0000520d      0x872 mirf.o
 .debug_line    0x00005a7f      0x1ac spi.o
 .debug_line    0x00005c2b      0x233 c:/program files (x86)/atmel/avr tools/avr toolchain/bin/../lib/gcc/avr/4.5.1/avr6\libgcc.a(_mul_sf.o)
 .debug_line    0x00005e5e      0x137 c:/program files (x86)/atmel/avr tools/avr toolchain/bin/../lib/gcc/avr/4.5.1/avr6\libgcc.a(_si_to_sf.o)
 .debug_line    0x00005f95      0x11b c:/program files (x86)/atmel/avr tools/avr toolchain/bin/../lib/gcc/avr/4.5.1/avr6\libgcc.a(_sf_to_si.o)
 .debug_line    0x000060b0       0xa2 c:/program files (x86)/atmel/avr tools/avr toolchain/bin/../lib/gcc/avr/4.5.1/avr6\libgcc.a(_thenan_sf.o)
 .debug_line    0x00006152       0xc6 c:/program files (x86)/atmel/avr tools/avr toolchain/bin/../lib/gcc/avr/4.5.1/avr6\libgcc.a(_clzsi2.o)
 .debug_line    0x00006218      0x19c c:/program files (x86)/atmel/avr tools/avr toolchain/bin/../lib/gcc/avr/4.5.1/avr6\libgcc.a(_pack_sf.o)
 .debug_line    0x000063b4      0x15d c:/program files (x86)/atmel/avr tools/avr toolchain/bin/../lib/gcc/avr/4.5.1/avr6\libgcc.a(_unpack_sf.o)
 .debug_line    0x00006511       0x9d c:/program files (x86)/atmel/avr tools/avr toolchain/bin/../lib/gcc/avr/4.5.1/avr6\libgcc.a(_clz.o)
 .debug_line    0x000065ae      0x151 c:/program files (x86)/atmel/avr tools/avr toolchain/bin/../lib/gcc/avr/4.5.1/../../../../avr/lib/avr6\libc.a(rand.o)

.debug_frame    0x00000000      0xc30
 *(.debug_frame)
 .debug_frame   0x00000000      0x130 elisa3aseba.o
 .debug_frame   0x00000130       0x90 leds.o
 .debug_frame   0x000001c0       0xc0 motors.o
 .debug_frame   0x00000280       0x20 ports_io.o
 .debug_frame   0x000002a0       0x90 usart.o
 .debug_frame   0x00000330       0x80 behaviors.o
 .debug_frame   0x000003b0       0x60 speed_control.o
 .debug_frame   0x00000410       0x30 adc.o
 .debug_frame   0x00000440       0xa0 sensors.o
 .debug_frame   0x000004e0       0xa0 twimaster.o
 .debug_frame   0x00000580       0x80 vm-buffer.o
 .debug_frame   0x00000600      0x110 vm.o
 .debug_frame   0x00000710      0x1c0 natives.o
 .debug_frame   0x000008d0       0x70 utility.o
 .debug_frame   0x00000940       0x80 ir_remote_control.o
 .debug_frame   0x000009c0      0x100 mirf.o
 .debug_frame   0x00000ac0       0x60 spi.o
 .debug_frame   0x00000b20       0x20 c:/program files (x86)/atmel/avr tools/avr toolchain/bin/../lib/gcc/avr/4.5.1/avr6\libgcc.a(_mul_sf.o)
 .debug_frame   0x00000b40       0x20 c:/program files (x86)/atmel/avr tools/avr toolchain/bin/../lib/gcc/avr/4.5.1/avr6\libgcc.a(_si_to_sf.o)
 .debug_frame   0x00000b60       0x20 c:/program files (x86)/atmel/avr tools/avr toolchain/bin/../lib/gcc/avr/4.5.1/avr6\libgcc.a(_sf_to_si.o)
 .debug_frame   0x00000b80       0x20 c:/program files (x86)/atmel/avr tools/avr toolchain/bin/../lib/gcc/avr/4.5.1/avr6\libgcc.a(_clzsi2.o)
 .debug_frame   0x00000ba0       0x20 c:/program files (x86)/atmel/avr tools/avr toolchain/bin/../lib/gcc/avr/4.5.1/avr6\libgcc.a(_pack_sf.o)
 .debug_frame   0x00000bc0       0x20 c:/program files (x86)/atmel/avr tools/avr toolchain/bin/../lib/gcc/avr/4.5.1/avr6\libgcc.a(_unpack_sf.o)
 .debug_frame   0x00000be0       0x50 c:/program files (x86)/atmel/avr tools/avr toolchain/bin/../lib/gcc/avr/4.5.1/../../../../avr/lib/avr6\libc.a(rand.o)

.debug_str      0x00000000     0x274d
 *(.debug_str)
 .debug_str     0x00000000      0xa14 elisa3aseba.o
                                0xa7c (size before relaxing)
 .debug_str     0x00000a14       0xad leds.o
                                0x16e (size before relaxing)
 .debug_str     0x00000ac1      0x27b motors.o
                                0x336 (size before relaxing)
 .debug_str     0x00000d3c       0x1a ports_io.o
                                 0xdd (size before relaxing)
 .debug_str     0x00000d56       0x94 usart.o
                                0x16d (size before relaxing)
 .debug_str     0x00000dea      0x337 variables.o
                                0x680 (size before relaxing)
 .debug_str     0x00001121       0xcc behaviors.o
                                0x1d9 (size before relaxing)
 .debug_str     0x000011ed       0xb4 speed_control.o
                                0x28c (size before relaxing)
 .debug_str     0x000012a1       0x1d adc.o
                                0x2cb (size before relaxing)
 .debug_str     0x000012be       0x9c sensors.o
                                0x278 (size before relaxing)
 .debug_str     0x0000135a       0x79 twimaster.o
                                0x141 (size before relaxing)
 .debug_str     0x000013d3      0x582 vm-buffer.o
                                0x83e (size before relaxing)
 .debug_str     0x00001955      0x533 vm.o
                                0xba2 (size before relaxing)
 .debug_str     0x00001e88      0x3a8 natives.o
                                0xcb9 (size before relaxing)
 .debug_str     0x00002230       0x6d utility.o
                                0x18c (size before relaxing)
 .debug_str     0x0000229d       0xc4 ir_remote_control.o
                                0x260 (size before relaxing)
 .debug_str     0x00002361       0xfa mirf.o
                                0x2dd (size before relaxing)
 .debug_str     0x0000245b       0x52 spi.o
                                0x115 (size before relaxing)
 .debug_str     0x000024ad      0x17c c:/program files (x86)/atmel/avr tools/avr toolchain/bin/../lib/gcc/avr/4.5.1/avr6\libgcc.a(_mul_sf.o)
                                0x1e7 (size before relaxing)
 .debug_str     0x00002629       0x18 c:/program files (x86)/atmel/avr tools/avr toolchain/bin/../lib/gcc/avr/4.5.1/avr6\libgcc.a(_si_to_sf.o)
                                0x1a3 (size before relaxing)
 .debug_str     0x00002641        0xa c:/program files (x86)/atmel/avr tools/avr toolchain/bin/../lib/gcc/avr/4.5.1/avr6\libgcc.a(_sf_to_si.o)
                                0x1c6 (size before relaxing)
 .debug_str     0x00000000      0x12b c:/program files (x86)/atmel/avr tools/avr toolchain/bin/../lib/gcc/avr/4.5.1/avr6\libgcc.a(_thenan_sf.o)
 .debug_str     0x0000264b       0x7d c:/program files (x86)/atmel/avr tools/avr toolchain/bin/../lib/gcc/avr/4.5.1/avr6\libgcc.a(_clzsi2.o)
                                0x105 (size before relaxing)
 .debug_str     0x000026c8       0x10 c:/program files (x86)/atmel/avr tools/avr toolchain/bin/../lib/gcc/avr/4.5.1/avr6\libgcc.a(_pack_sf.o)
                                0x1c5 (size before relaxing)
 .debug_str     0x000026d8        0xb c:/program files (x86)/atmel/avr tools/avr toolchain/bin/../lib/gcc/avr/4.5.1/avr6\libgcc.a(_unpack_sf.o)
                                0x1a7 (size before relaxing)
 .debug_str     0x00000000       0xe8 c:/program files (x86)/atmel/avr tools/avr toolchain/bin/../lib/gcc/avr/4.5.1/avr6\libgcc.a(_clz.o)
 .debug_str     0x000026e3       0x6a c:/program files (x86)/atmel/avr tools/avr toolchain/bin/../lib/gcc/avr/4.5.1/../../../../avr/lib/avr6\libc.a(rand.o)
                                 0xa8 (size before relaxing)

.debug_loc      0x00000000     0x47d3
 *(.debug_loc)
 .debug_loc     0x00000000      0x4cc elisa3aseba.o
 .debug_loc     0x000004cc      0x107 leds.o
 .debug_loc     0x000005d3       0x26 motors.o
 .debug_loc     0x000005f9       0x82 usart.o
 .debug_loc     0x0000067b      0x195 behaviors.o
 .debug_loc     0x00000810       0xa0 speed_control.o
 .debug_loc     0x000008b0       0x48 adc.o
 .debug_loc     0x000008f8      0x1f3 sensors.o
 .debug_loc     0x00000aeb       0xd2 twimaster.o
 .debug_loc     0x00000bbd      0x624 vm-buffer.o
 .debug_loc     0x000011e1      0xf54 vm.o
 .debug_loc     0x00002135     0x1de3 natives.o
 .debug_loc     0x00003f18       0x3b utility.o
 .debug_loc     0x00003f53       0x4a ir_remote_control.o
 .debug_loc     0x00003f9d      0x215 mirf.o
 .debug_loc     0x000041b2       0xa3 spi.o
 .debug_loc     0x00004255      0x12a c:/program files (x86)/atmel/avr tools/avr toolchain/bin/../lib/gcc/avr/4.5.1/avr6\libgcc.a(_mul_sf.o)
 .debug_loc     0x0000437f       0xac c:/program files (x86)/atmel/avr tools/avr toolchain/bin/../lib/gcc/avr/4.5.1/avr6\libgcc.a(_si_to_sf.o)
 .debug_loc     0x0000442b       0x7e c:/program files (x86)/atmel/avr tools/avr toolchain/bin/../lib/gcc/avr/4.5.1/avr6\libgcc.a(_sf_to_si.o)
 .debug_loc     0x000044a9       0x94 c:/program files (x86)/atmel/avr tools/avr toolchain/bin/../lib/gcc/avr/4.5.1/avr6\libgcc.a(_clzsi2.o)
 .debug_loc     0x0000453d       0xd6 c:/program files (x86)/atmel/avr tools/avr toolchain/bin/../lib/gcc/avr/4.5.1/avr6\libgcc.a(_pack_sf.o)
 .debug_loc     0x00004613       0xac c:/program files (x86)/atmel/avr tools/avr toolchain/bin/../lib/gcc/avr/4.5.1/avr6\libgcc.a(_unpack_sf.o)
 .debug_loc     0x000046bf      0x114 c:/program files (x86)/atmel/avr tools/avr toolchain/bin/../lib/gcc/avr/4.5.1/../../../../avr/lib/avr6\libc.a(rand.o)

.debug_macinfo
 *(.debug_macinfo)
OUTPUT(elisa3-aseba.elf elf32-avr)
LOAD linker stubs

.debug_pubtypes
                0x00000000      0x4f8
 .debug_pubtypes
                0x00000000      0x151 elisa3aseba.o
 .debug_pubtypes
                0x00000151       0x2b leds.o
 .debug_pubtypes
                0x0000017c       0x2b motors.o
 .debug_pubtypes
                0x000001a7       0x1e ports_io.o
 .debug_pubtypes
                0x000001c5       0x1e usart.o
 .debug_pubtypes
                0x000001e3       0x12 variables.o
 .debug_pubtypes
                0x000001f5       0x1f behaviors.o
 .debug_pubtypes
                0x00000214       0x12 speed_control.o
 .debug_pubtypes
                0x00000226       0x2b adc.o
 .debug_pubtypes
                0x00000251       0x12 sensors.o
 .debug_pubtypes
                0x00000263       0x2b twimaster.o
 .debug_pubtypes
                0x0000028e       0xe4 vm-buffer.o
 .debug_pubtypes
                0x00000372       0x43 vm.o
 .debug_pubtypes
                0x000003b5       0x92 natives.o
 .debug_pubtypes
                0x00000447       0x2b utility.o
 .debug_pubtypes
                0x00000472       0x2b ir_remote_control.o
 .debug_pubtypes
                0x0000049d       0x2b mirf.o
 .debug_pubtypes
                0x000004c8       0x1e spi.o
 .debug_pubtypes
                0x000004e6       0x12 c:/program files (x86)/atmel/avr tools/avr toolchain/bin/../lib/gcc/avr/4.5.1/../../../../avr/lib/avr6\libc.a(rand.o)

.debug_ranges   0x00000000      0x180
 .debug_ranges  0x00000000       0x18 elisa3aseba.o
 .debug_ranges  0x00000018       0x78 vm-buffer.o
 .debug_ranges  0x00000090       0x18 vm.o
 .debug_ranges  0x000000a8       0x60 natives.o
 .debug_ranges  0x00000108       0x50 c:/program files (x86)/atmel/avr tools/avr toolchain/bin/../lib/gcc/avr/4.5.1/avr6\libgcc.a(_mul_sf.o)
 .debug_ranges  0x00000158       0x28 c:/program files (x86)/atmel/avr tools/avr toolchain/bin/../lib/gcc/avr/4.5.1/../../../../avr/lib/avr6\libc.a(rand.o)
