Archive member included to satisfy reference by file (symbol)

c:/program files (x86)/atmel/studio/7.0/toolchain/avr8/avr8-gnu-toolchain/bin/../lib/gcc/avr/4.9.2/avr6\libgcc.a(_mulsi3.o)
                              natives.o (__mulsi3)
c:/program files (x86)/atmel/studio/7.0/toolchain/avr8/avr8-gnu-toolchain/bin/../lib/gcc/avr/4.9.2/avr6\libgcc.a(_udivmodhi4.o)
                              natives.o (__udivmodhi4)
c:/program files (x86)/atmel/studio/7.0/toolchain/avr8/avr8-gnu-toolchain/bin/../lib/gcc/avr/4.9.2/avr6\libgcc.a(_divmodhi4.o)
                              elisa3aseba.o (__divmodhi4)
c:/program files (x86)/atmel/studio/7.0/toolchain/avr8/avr8-gnu-toolchain/bin/../lib/gcc/avr/4.9.2/avr6\libgcc.a(_udivmodsi4.o)
                              natives.o (__udivmodsi4)
c:/program files (x86)/atmel/studio/7.0/toolchain/avr8/avr8-gnu-toolchain/bin/../lib/gcc/avr/4.9.2/avr6\libgcc.a(_divmodsi4.o)
                              irCommunication.o (__divmodsi4)
c:/program files (x86)/atmel/studio/7.0/toolchain/avr8/avr8-gnu-toolchain/bin/../lib/gcc/avr/4.9.2/avr6\libgcc.a(_negsi2.o)
                              c:/program files (x86)/atmel/studio/7.0/toolchain/avr8/avr8-gnu-toolchain/bin/../lib/gcc/avr/4.9.2/avr6\libgcc.a(_divmodsi4.o) (__negsi2)
c:/program files (x86)/atmel/studio/7.0/toolchain/avr8/avr8-gnu-toolchain/bin/../lib/gcc/avr/4.9.2/avr6\libgcc.a(_exit.o)
                              C:/Program Files (x86)/Atmel/Studio/7.0/Packs/atmel/ATmega_DFP/1.0.90/gcc/dev/atmega2560/avr6/crtatmega2560.o (exit)
c:/program files (x86)/atmel/studio/7.0/toolchain/avr8/avr8-gnu-toolchain/bin/../lib/gcc/avr/4.9.2/avr6\libgcc.a(_tablejump2.o)
                              leds.o (__tablejump2__)
c:/program files (x86)/atmel/studio/7.0/toolchain/avr8/avr8-gnu-toolchain/bin/../lib/gcc/avr/4.9.2/avr6\libgcc.a(_copy_data.o)
                              elisa_natives.o (__do_copy_data)
c:/program files (x86)/atmel/studio/7.0/toolchain/avr8/avr8-gnu-toolchain/bin/../lib/gcc/avr/4.9.2/avr6\libgcc.a(_clear_bss.o)
                              eepromIO.o (__do_clear_bss)
c:/program files (x86)/atmel/studio/7.0/toolchain/avr8/avr8-gnu-toolchain/bin/../lib/gcc/avr/4.9.2/avr6\libgcc.a(_mulhisi3.o)
                              natives.o (__mulhisi3)
c:/program files (x86)/atmel/studio/7.0/toolchain/avr8/avr8-gnu-toolchain/bin/../lib/gcc/avr/4.9.2/avr6\libgcc.a(_umulhisi3.o)
                              mirf.o (__umulhisi3)
c:/program files (x86)/atmel/studio/7.0/toolchain/avr8/avr8-gnu-toolchain/bin/../lib/gcc/avr/4.9.2/avr6\libgcc.a(_usmulhisi3.o)
                              c:/program files (x86)/atmel/studio/7.0/toolchain/avr8/avr8-gnu-toolchain/bin/../lib/gcc/avr/4.9.2/avr6\libgcc.a(_mulhisi3.o) (__usmulhisi3_tail)
c:/program files (x86)/atmel/studio/7.0/toolchain/avr8/avr8-gnu-toolchain/bin/../lib/gcc/avr/4.9.2/avr6\libgcc.a(_muluhisi3.o)
                              natives.o (__muluhisi3)
c:/program files (x86)/atmel/studio/7.0/toolchain/avr8/avr8-gnu-toolchain/bin/../lib/gcc/avr/4.9.2/avr6\libgcc.a(_subdi3.o)
                              motors.o (__subdi3)
c:/program files (x86)/atmel/studio/7.0/toolchain/avr8/avr8-gnu-toolchain/bin/../lib/gcc/avr/4.9.2/../../../../avr/lib/avr6\libm.a(addsf3.o)
                              motors.o (__subsf3)
c:/program files (x86)/atmel/studio/7.0/toolchain/avr8/avr8-gnu-toolchain/bin/../lib/gcc/avr/4.9.2/../../../../avr/lib/avr6\libm.a(addsf3x.o)
                              c:/program files (x86)/atmel/studio/7.0/toolchain/avr8/avr8-gnu-toolchain/bin/../lib/gcc/avr/4.9.2/../../../../avr/lib/avr6\libm.a(addsf3.o) (__addsf3x)
c:/program files (x86)/atmel/studio/7.0/toolchain/avr8/avr8-gnu-toolchain/bin/../lib/gcc/avr/4.9.2/../../../../avr/lib/avr6\libm.a(atan2.o)
                              sensors.o (atan2)
c:/program files (x86)/atmel/studio/7.0/toolchain/avr8/avr8-gnu-toolchain/bin/../lib/gcc/avr/4.9.2/../../../../avr/lib/avr6\libm.a(atan.o)
                              c:/program files (x86)/atmel/studio/7.0/toolchain/avr8/avr8-gnu-toolchain/bin/../lib/gcc/avr/4.9.2/../../../../avr/lib/avr6\libm.a(atan2.o) (atan)
c:/program files (x86)/atmel/studio/7.0/toolchain/avr8/avr8-gnu-toolchain/bin/../lib/gcc/avr/4.9.2/../../../../avr/lib/avr6\libm.a(cos.o)
                              motors.o (cos)
c:/program files (x86)/atmel/studio/7.0/toolchain/avr8/avr8-gnu-toolchain/bin/../lib/gcc/avr/4.9.2/../../../../avr/lib/avr6\libm.a(divsf3.o)
                              motors.o (__divsf3)
c:/program files (x86)/atmel/studio/7.0/toolchain/avr8/avr8-gnu-toolchain/bin/../lib/gcc/avr/4.9.2/../../../../avr/lib/avr6\libm.a(divsf3x.o)
                              c:/program files (x86)/atmel/studio/7.0/toolchain/avr8/avr8-gnu-toolchain/bin/../lib/gcc/avr/4.9.2/../../../../avr/lib/avr6\libm.a(divsf3.o) (__divsf3x)
[...]
Memory Configuration

Name             Origin             Length             Attributes
text             0x00000000         0x00100000         xr
data             0x00800200         0x0000fe00         rw !x
eeprom           0x00810000         0x00010000         rw !x
fuse             0x00820000         0x00000400         rw !x
lock             0x00830000         0x00000400         rw !x
signature        0x00840000         0x00000400         rw !x
user_signatures  0x00850000         0x00000400         rw !x
*default*        0x00000000         0xffffffff

Linker script and memory map

Address of section .data set to 0x800200
LOAD C:/Program Files (x86)/Atmel/Studio/7.0/Packs/atmel/ATmega_DFP/1.0.90/gcc/dev/atmega2560/avr6/crtatmega2560.o
LOAD eepromIO.o
LOAD elisa_natives.o
LOAD irCommunication.o
LOAD natives.o
LOAD elisa3aseba.o
LOAD leds.o
LOAD motors.o
LOAD ports_io.o
LOAD usart.o
LOAD variables.o
LOAD behaviors.o
LOAD speed_control.o
LOAD adc.o
LOAD sensors.o
LOAD twimaster.o
LOAD utility.o
LOAD ir_remote_control.o
LOAD mirf.o
LOAD spi.o
LOAD vm-buffer.o
LOAD vm.o
START GROUP
END GROUP
START GROUP
LOAD c:/program files (x86)/atmel/studio/7.0/toolchain/avr8/avr8-gnu-toolchain/bin/../lib/gcc/avr/4.9.2/avr6\libgcc.a
LOAD c:/program files (x86)/atmel/studio/7.0/toolchain/avr8/avr8-gnu-toolchain/bin/../lib/gcc/avr/4.9.2/../../../../avr/lib/avr6\libm.a
LOAD c:/program files (x86)/atmel/studio/7.0/toolchain/avr8/avr8-gnu-toolchain/bin/../lib/gcc/avr/4.9.2/../../../../avr/lib/avr6\libc.a
LOAD C:/Program Files (x86)/Atmel/Studio/7.0/Packs/atmel/ATmega_DFP/1.0.90/gcc/dev/atmega2560/avr6\libatmega2560.a
END GROUP

.hash
 *(.hash)

.dynsym
 *(.dynsym)

.dynstr
 *(.dynstr)

.gnu.version
 *(.gnu.version)

.gnu.version_d
 *(.gnu.version_d)

.gnu.version_r
 *(.gnu.version_r)

.rel.init
 *(.rel.init)

.rela.init
 *(.rela.init)

.rel.text
 *(.rel.text)
 *(.rel.text.*)
 *(.rel.gnu.linkonce.t*)

.rela.text
 *(.rela.text)
 *(.rela.text.*)
 *(.rela.gnu.linkonce.t*)

.rel.fini
 *(.rel.fini)

.rela.fini
 *(.rela.fini)

.rel.rodata
 *(.rel.rodata)
 *(.rel.rodata.*)
 *(.rel.gnu.linkonce.r*)

.rela.rodata
 *(.rela.rodata)
 *(.rela.rodata.*)
 *(.rela.gnu.linkonce.r*)

.rel.data
 *(.rel.data)
 *(.rel.data.*)
 *(.rel.gnu.linkonce.d*)

.rela.data
 *(.rela.data)
 *(.rela.data.*)
 *(.rela.gnu.linkonce.d*)

.rel.ctors
 *(.rel.ctors)

.rela.ctors
 *(.rela.ctors)

.rel.dtors
 *(.rel.dtors)

.rela.dtors
 *(.rela.dtors)

.rel.got
 *(.rel.got)

.rela.got
 *(.rela.got)

.rel.bss
 *(.rel.bss)

.rela.bss
 *(.rela.bss)

.rel.plt
 *(.rel.plt)

.rela.plt
 *(.rela.plt)

.text           0x00000000     0xb4b4
 *(.vectors)
 .vectors       0x00000000       0xe4 C:/Program Files (x86)/Atmel/Studio/7.0/Packs/atmel/ATmega_DFP/1.0.90/gcc/dev/atmega2560/avr6/crtatmega2560.o
                0x00000000                __vector_default
                0x00000000                __vectors
 *(.vectors)
 *(.progmem.gcc*)
 .progmem.gcc_sw_table.setGreenLed
                0x000000e4       0x10 leds.o
 .progmem.gcc_sw_table.__vector_29
                0x000000f4       0x1a adc.o
 .progmem.gcc_sw_table.AsebaVMDoBinaryOperation
                0x0000010e       0x24 vm.o
 .progmem.gcc_sw_table.AsebaVMStep
                0x00000132       0x1e vm.o
 .progmem.gcc_sw_table.AsebaVMRun
                0x00000150       0x1e vm.o
 .progmem.gcc_sw_table.AsebaVMDebugMessage
                0x0000016e       0x20 vm.o
 .progmem.gcc_fplib
                0x0000018e       0x2d c:/program files (x86)/atmel/studio/7.0/toolchain/avr8/avr8-gnu-toolchain/bin/../lib/gcc/avr/4.9.2/../../../../avr/lib/avr6\libm.a(atan.o)
 .progmem.gcc_fplib
                0x000001bb       0x1e c:/program files (x86)/atmel/studio/7.0/toolchain/avr8/avr8-gnu-toolchain/bin/../lib/gcc/avr/4.9.2/../../../../avr/lib/avr6\libm.a(fp_sinus.o)
                0x000001da                . = ALIGN (0x2)
 *fill*         0x000001d9        0x1 
                0x000001da                __trampolines_start = .
 *(.trampolines)
 .trampolines   0x000001da      0x1b8 linker stubs
 *(.trampolines*)
                0x00000392                __trampolines_end = .
 *(.progmem*)
                0x00000392                . = ALIGN (0x2)
 *(.jumptables)
 *(.jumptables*)
 *(.lowtext)
 *(.lowtext*)
                0x00000392                __ctors_start = .
 *(.ctors)
                0x00000392                __ctors_end = .
                0x00000392                __dtors_start = .
 *(.dtors)
                0x00000392                __dtors_end = .
 SORT(*)(.ctors)
 SORT(*)(.dtors)
 *(.init0)
 .init0         0x00000392        0x0 C:/Program Files (x86)/Atmel/Studio/7.0/Packs/atmel/ATmega_DFP/1.0.90/gcc/dev/atmega2560/avr6/crtatmega2560.o
                0x00000392                __init
 *(.init0)
 *(.init1)
 *(.init1)
 *(.init2)
 .init2         0x00000392       0x10 C:/Program Files (x86)/Atmel/Studio/7.0/Packs/atmel/ATmega_DFP/1.0.90/gcc/dev/atmega2560/avr6/crtatmega2560.o
 *(.init2)
 *(.init3)
 *(.init3)
 *(.init4)
 .init4         0x000003a2       0x1a c:/program files (x86)/atmel/studio/7.0/toolchain/avr8/avr8-gnu-toolchain/bin/../lib/gcc/avr/4.9.2/avr6\libgcc.a(_copy_data.o)
                0x000003a2                __do_copy_data
 .init4         0x000003bc       0x10 c:/program files (x86)/atmel/studio/7.0/toolchain/avr8/avr8-gnu-toolchain/bin/../lib/gcc/avr/4.9.2/avr6\libgcc.a(_clear_bss.o)
                0x000003bc                __do_clear_bss
 *(.init4)
 *(.init5)
 *(.init5)
 *(.init6)
 *(.init6)
 *(.init7)
 *(.init7)
 *(.init8)
 *(.init8)
 *(.init9)
 .init9         0x000003cc        0x8 C:/Program Files (x86)/Atmel/Studio/7.0/Packs/atmel/ATmega_DFP/1.0.90/gcc/dev/atmega2560/avr6/crtatmega2560.o
 *(.init9)
 *(.text)
 .text          0x000003d4        0x4 C:/Program Files (x86)/Atmel/Studio/7.0/Packs/atmel/ATmega_DFP/1.0.90/gcc/dev/atmega2560/avr6/crtatmega2560.o
                0x000003d4                __vector_38
                0x000003d4                __vector_22
                0x000003d4                __vector_28
                0x000003d4                __vector_1
                0x000003d4                __vector_34
                0x000003d4                __vector_24
                0x000003d4                __vector_12
                0x000003d4                __vector_55
                0x000003d4                __vector_46
                0x000003d4                __bad_interrupt
                0x000003d4                __vector_6
                0x000003d4                __vector_31
                0x000003d4                __vector_39
                0x000003d4                __vector_3
                0x000003d4                __vector_23
                0x000003d4                __vector_30
                0x000003d4                __vector_11
                0x000003d4                __vector_54
                0x000003d4                __vector_17
                0x000003d4                __vector_19
                0x000003d4                __vector_56
                0x000003d4                __vector_7
                0x000003d4                __vector_49
                0x000003d4                __vector_41
                0x000003d4                __vector_27
                0x000003d4                __vector_5
                0x000003d4                __vector_47
                0x000003d4                __vector_52
                0x000003d4                __vector_37
                0x000003d4                __vector_4
                0x000003d4                __vector_44
                0x000003d4                __vector_51
                0x000003d4                __vector_9
                0x000003d4                __vector_2
                0x000003d4                __vector_21
                0x000003d4                __vector_36
                0x000003d4                __vector_40
                0x000003d4                __vector_8
                0x000003d4                __vector_26
                0x000003d4                __vector_48
                0x000003d4                __vector_14
                0x000003d4                __vector_53
                0x000003d4                __vector_50
                0x000003d4                __vector_16
                0x000003d4                __vector_18
                0x000003d4                __vector_20
                0x000003d8                . = ALIGN (0x2)
 *(.text.*)
 .text.writeCalibrationToFlash
                0x000003d8       0x1c eepromIO.o
                0x000003d8                writeCalibrationToFlash
 .text.readCalibrationFromFlash
                0x000003f4       0x10 eepromIO.o
                0x000003f4                readCalibrationFromFlash
 .text.prox_network
                0x00000404       0x4e elisa_natives.o
                0x00000404                prox_network
 .text.setObstacleAvoidance
                0x00000452       0x4e elisa_natives.o
                0x00000452                setObstacleAvoidance
 .text.setCliffAvoidance
                0x000004a0       0x4e elisa_natives.o
                0x000004a0                setCliffAvoidance
 .text.resetOdom
                0x000004ee        0x4 elisa_natives.o
                0x000004ee                resetOdom
 .text.irCommInitReceiver
                0x000004f2       0x10 irCommunication.o
                0x000004f2                irCommInitReceiver
 .text.irCommInit
                0x00000502       0x76 irCommunication.o
                0x00000502                irCommInit
 .text.irCommDeinit
                0x00000578        0xa irCommunication.o
                0x00000578                irCommDeinit
 .text.irCommTasks
                0x00000582      0xdd8 irCommunication.o
                0x00000582                irCommTasks
 .text.irCommSendData
                0x0000135a       0x12 irCommunication.o
                0x0000135a                irCommSendData
 .text.irCommDataSent
                0x0000136c       0x10 irCommunication.o
                0x0000136c                irCommDataSent
 .text.irCommDataAvailable
                0x0000137c        0x6 irCommunication.o
                0x0000137c                irCommDataAvailable
 .text.irCommReadData
                0x00001382        0xa irCommunication.o
                0x00001382                irCommReadData
 .text.AsebaNative_veccopy
                0x0000138c       0x76 natives.o
                0x0000138c                AsebaNative_veccopy
 .text.AsebaNative_vecfill
                0x00001402       0x78 natives.o
                0x00001402                AsebaNative_vecfill
 .text.AsebaNative_vecaddscalar
                0x0000147a       0xa4 natives.o
                0x0000147a                AsebaNative_vecaddscalar
 .text.AsebaNative_vecadd
                0x0000151e       0x9e natives.o
                0x0000151e                AsebaNative_vecadd
 .text.AsebaNative_vecsub
                0x000015bc       0x9e natives.o
                0x000015bc                AsebaNative_vecsub
 .text.AsebaNative_vecmul
                0x0000165a       0xae natives.o
                0x0000165a                AsebaNative_vecmul
 .text.AsebaNative_vecdiv
                0x00001708      0x188 natives.o
                0x00001708                AsebaNative_vecdiv
 .text.AsebaNative_vecmin
                0x00001890       0xa2 natives.o
                0x00001890                AsebaNative_vecmin
 .text.AsebaNative_vecmax
                0x00001932       0xa2 natives.o
                0x00001932                AsebaNative_vecmax
 .text.AsebaNative_vecclamp
                0x000019d4      0x102 natives.o
                0x000019d4                AsebaNative_vecclamp
 .text.AsebaNative_vecdot
                0x00001ad6      0x132 natives.o
                0x00001ad6                AsebaNative_vecdot
 .text.AsebaNative_vecstat
                0x00001c08      0x178 natives.o
                0x00001c08                AsebaNative_vecstat
 .text.AsebaNative_vecargbounds
                0x00001d80       0xbe natives.o
                0x00001d80                AsebaNative_vecargbounds
 .text.AsebaNative_vecsort
                0x00001e3e      0x126 natives.o
                0x00001e3e                AsebaNative_vecsort
 .text.AsebaNative_mathmuldiv
                0x00001f64      0x21a natives.o
                0x00001f64                AsebaNative_mathmuldiv
 .text.AsebaNative_mathatan2
                0x0000217e      0x2d8 natives.o
                0x0000217e                AsebaNative_mathatan2
 .text.AsebaNative_mathsin
                0x00002456      0x1c0 natives.o
                0x00002456                AsebaNative_mathsin
 .text.AsebaNative_mathcos
                0x00002616      0x1a6 natives.o
                0x00002616                AsebaNative_mathcos
 .text.AsebaNative_mathrot2
                0x000027bc      0x366 natives.o
                0x000027bc                AsebaNative_mathrot2
 .text.AsebaNative_mathsqrt
                0x00002b22      0x136 natives.o
                0x00002b22                AsebaNative_mathsqrt
 .text.AsebaNative_rand
                0x00002c58       0x86 natives.o
                0x00002c58                AsebaNative_rand
 .text.AsebaGetVMDescription
                0x00002cde        0x6 elisa3aseba.o
                0x00002cde                AsebaGetVMDescription
 .text.AsebaGetLocalEventsDescriptions
                0x00002ce4        0x6 elisa3aseba.o
                0x00002ce4                AsebaGetLocalEventsDescriptions
 .text.AsebaPutVmToSleep
                0x00002cea        0x2 elisa3aseba.o
                0x00002cea                AsebaPutVmToSleep
 .text.AsebaNativeFunction
                0x00002cec       0x12 elisa3aseba.o
                0x00002cec                AsebaNativeFunction
 .text.AsebaGetNativeFunctionsDescriptions
                0x00002cfe        0x6 elisa3aseba.o
                0x00002cfe                AsebaGetNativeFunctionsDescriptions
 .text.AsebaSendBuffer
                0x00002d04       0x80 elisa3aseba.o
                0x00002d04                AsebaSendBuffer
 .text.AsebaGetBuffer
                0x00002d84      0x1f8 elisa3aseba.o
                0x00002d84                AsebaGetBuffer
 .text.updateRobotVariables
                0x00002f7c      0x592 elisa3aseba.o
                0x00002f7c                updateRobotVariables
 .text.AsebaWriteBytecode
                0x0000350e       0x54 elisa3aseba.o
                0x0000350e                AsebaWriteBytecode
 .text.AsebaResetIntoBootloader
                0x00003562        0x6 elisa3aseba.o
                0x00003562                AsebaResetIntoBootloader
 .text.initAseba
                0x00003568       0x5e elisa3aseba.o
                0x00003568                initAseba
 .text.startup.main
                0x000035c6      0x12e elisa3aseba.o
                0x000035c6                main
 .text.initRGBleds
                0x000036f4       0x44 leds.o
                0x000036f4                initRGBleds
 .text.updateRedLed
                0x00003738       0x28 leds.o
                0x00003738                updateRedLed
 .text.updateGreenLed
                0x00003760       0x28 leds.o
                0x00003760                updateGreenLed
 .text.updateBlueLed
                0x00003788       0x28 leds.o
                0x00003788                updateBlueLed
 .text.setGreenLed
                0x000037b0       0xca leds.o
                0x000037b0                setGreenLed
 .text.turnOffGreenLeds
                0x0000387a       0x32 leds.o
                0x0000387a                turnOffGreenLeds
 .text.turnOnGreenLeds
                0x000038ac       0x32 leds.o
                0x000038ac                turnOnGreenLeds
 .text.initMotors
                0x000038de       0xbc motors.o
                0x000038de                initMotors
 .text.handleMotorsWithNoController
                0x0000399a      0x466 motors.o
                0x0000399a                handleMotorsWithNoController
 .text.setLeftSpeed
                0x00003e00       0x3a motors.o
                0x00003e00                setLeftSpeed
 .text.setRightSpeed
                0x00003e3a       0x3a motors.o
                0x00003e3a                setRightSpeed
 .text.getInputFromSpeed
                0x00003e74      0x77a motors.o
                0x00003e74                getInputFromSpeed
 .text.getRightSpeedFromInput
                0x000045ee      0x550 motors.o
                0x000045ee                getRightSpeedFromInput
 .text.getLeftSpeedFromInput
                0x00004b3e      0x550 motors.o
                0x00004b3e                getLeftSpeedFromInput
 .text.writeDefaultCalibration
                0x0000508e      0x350 motors.o
                0x0000508e                writeDefaultCalibration
 .text.initCalibration
                0x000053de       0x16 motors.o
                0x000053de                initCalibration
 .text.handleSoftAcceleration
                0x000053f4      0x1a4 motors.o
                0x000053f4                handleSoftAcceleration
 .text.handleMotorsWithSpeedController
                0x00005598      0x990 motors.o
                0x00005598                handleMotorsWithSpeedController
 .text.__vector_45
                0x00005f28      0x12a motors.o
                0x00005f28                __vector_45
 .text.__vector_42
                0x00006052       0x2c motors.o
                0x00006052                __vector_42
 .text.__vector_43
                0x0000607e       0x2c motors.o
                0x0000607e                __vector_43
 .text.__vector_35
                0x000060aa      0x116 motors.o
                0x000060aa                __vector_35
 .text.__vector_32
                0x000061c0       0x2c motors.o
                0x000061c0                __vector_32
 .text.__vector_33
                0x000061ec       0x2c motors.o
                0x000061ec                __vector_33
 .text.initPortsIO
                0x00006218       0xc8 ports_io.o
                0x00006218                initPortsIO
 .text.initUsart0
                0x000062e0       0x2a usart.o
                0x000062e0                initUsart0
 .text.usart0Transmit
                0x0000630a       0x1a usart.o
                0x0000630a                usart0Transmit
 .text.__vector_25
                0x00006324       0x60 usart.o
                0x00006324                __vector_25
 .text.obstacleAvoidance
                0x00006384      0x3fa behaviors.o
                0x00006384                obstacleAvoidance
 .text.enableObstacleAvoidance
                0x0000677e        0x8 behaviors.o
                0x0000677e                enableObstacleAvoidance
 .text.disableObstacleAvoidance
                0x00006786        0x6 behaviors.o
                0x00006786                disableObstacleAvoidance
 .text.enableCliffAvoidance
                0x0000678c        0x8 behaviors.o
                0x0000678c                enableCliffAvoidance
 .text.disableCliffAvoidance
                0x00006794        0x6 behaviors.o
                0x00006794                disableCliffAvoidance
 .text.start_speed_control_right
                0x0000679a      0x24c speed_control.o
                0x0000679a                start_speed_control_right
 .text.start_speed_control_left
                0x000069e6      0x24c speed_control.o
                0x000069e6                start_speed_control_left
 .text.initAdc  0x00006c32       0x46 adc.o
                0x00006c32                initAdc
 .text.__vector_29
                0x00006c78      0xbb8 adc.o
                0x00006c78                __vector_29
 .text.initAccelerometer
                0x00007830       0x96 sensors.o
                0x00007830                initAccelerometer
 .text.readAccelXYZ
                0x000078c6      0x178 sensors.o
                0x000078c6                readAccelXYZ
 .text.calibrateSensors
                0x00007a3e      0x950 sensors.o
                0x00007a3e                calibrateSensors
 .text.readAccelXYZ_1
                0x0000838e       0x82 sensors.o
                0x0000838e                readAccelXYZ_1
 .text.readAccelXYZ_2
                0x00008410      0x18a sensors.o
                0x00008410                readAccelXYZ_2
 .text.computeAngle
                0x0000859a       0xf6 sensors.o
                0x0000859a                computeAngle
 .text.i2c_init
                0x00008690       0x10 twimaster.o
                0x00008690                i2c_init
 .text.i2c_start
                0x000086a0       0x44 twimaster.o
                0x000086a0                i2c_start
 .text.i2c_rep_start
                0x000086e4       0x44 twimaster.o
                0x000086e4                i2c_rep_start
 .text.i2c_stop
                0x00008728       0x10 twimaster.o
                0x00008728                i2c_stop
 .text.i2c_write
                0x00008738       0x24 twimaster.o
                0x00008738                i2c_write
 .text.i2c_readAck
                0x0000875c       0x14 twimaster.o
                0x0000875c                i2c_readAck
 .text.i2c_readNak
                0x00008770       0x14 twimaster.o
                0x00008770                i2c_readNak
 .text.getSelector
                0x00008784       0x28 utility.o
                0x00008784                getSelector
 .text.initPeripherals
                0x000087ac       0xc0 utility.o
                0x000087ac                initPeripherals
 .text.__vector_15
                0x0000886c       0x14 utility.o
                0x0000886c                __vector_15
 .text.getTime100MicroSec
                0x00008880       0x12 utility.o
                0x00008880                getTime100MicroSec
 .text.readBatteryLevel
                0x00008892        0x8 utility.o
                0x00008892                readBatteryLevel
 .text.resetOdometry
                0x0000889a       0x72 utility.o
                0x0000889a                resetOdometry
 .text.init_ir_remote_control
                0x0000890c       0x36 ir_remote_control.o
                0x0000890c                init_ir_remote_control
 .text.__vector_10
                0x00008942       0x68 ir_remote_control.o
                0x00008942                __vector_10
 .text.__vector_13
                0x000089aa      0x21e ir_remote_control.o
                0x000089aa                __vector_13
 .text.ir_remote_get_data
                0x00008bc8        0x6 ir_remote_control.o
                0x00008bc8                ir_remote_get_data
 .text.mirf_config
                0x00008bce       0xfc mirf.o
                0x00008bce                mirf_config
 .text.mirf_init
                0x00008cca        0x8 mirf.o
                0x00008cca                mirf_init
 .text.initSPI  0x00008cd2       0x18 spi.o
                0x00008cd2                initSPI
 .text.SPI_Write_Block
                0x00008cea       0x4a spi.o
                0x00008cea                SPI_Write_Block
 .text.SPI_Write_Byte
                0x00008d34       0x24 spi.o
                0x00008d34                SPI_Write_Byte
 .text.AsebaSendMessage
                0x00008d58       0x70 vm-buffer.o
                0x00008d58                AsebaSendMessage
 .text.AsebaSendVariables
                0x00008dc8       0xd8 vm-buffer.o
                0x00008dc8                AsebaSendVariables
 .text.AsebaSendDescription
                0x00008ea0      0x4ca vm-buffer.o
                0x00008ea0                AsebaSendDescription
 .text.AsebaProcessIncomingEvents
                0x0000936a       0xe0 vm-buffer.o
                0x0000936a                AsebaProcessIncomingEvents
 .text.AsebaVMDoBinaryOperation
                0x0000944a      0x14c vm.o
 .text.AsebaVMInit
                0x00009596       0x2a vm.o
                0x00009596                AsebaVMInit
 .text.AsebaVMSetupEvent
                0x000095c0       0xf2 vm.o
                0x000095c0                AsebaVMSetupEvent
 .text.AsebaVMStep
                0x000096b2      0x576 vm.o
                0x000096b2                AsebaVMStep
 .text.AsebaVMRun
                0x00009c28      0x95c vm.o
                0x00009c28                AsebaVMRun
 .text.AsebaVMDebugMessage
                0x0000a584      0x5c6 vm.o
                0x0000a584                AsebaVMDebugMessage
 .text.libgcc.mul
                0x0000ab4a       0x20 c:/program files (x86)/atmel/studio/7.0/toolchain/avr8/avr8-gnu-toolchain/bin/../lib/gcc/avr/4.9.2/avr6\libgcc.a(_mulsi3.o)
                0x0000ab4a                __mulsi3
 .text.libgcc.div
                0x0000ab6a       0x28 c:/program files (x86)/atmel/studio/7.0/toolchain/avr8/avr8-gnu-toolchain/bin/../lib/gcc/avr/4.9.2/avr6\libgcc.a(_udivmodhi4.o)
                0x0000ab6a                __udivmodhi4
 .text.libgcc.div
                0x0000ab92       0x28 c:/program files (x86)/atmel/studio/7.0/toolchain/avr8/avr8-gnu-toolchain/bin/../lib/gcc/avr/4.9.2/avr6\libgcc.a(_divmodhi4.o)
                0x0000ab92                _div
                0x0000ab92                __divmodhi4
 .text.libgcc.div
                0x0000abba       0x44 c:/program files (x86)/atmel/studio/7.0/toolchain/avr8/avr8-gnu-toolchain/bin/../lib/gcc/avr/4.9.2/avr6\libgcc.a(_udivmodsi4.o)
                0x0000abba                __udivmodsi4
 .text.libgcc.div
                0x0000abfe       0x2e c:/program files (x86)/atmel/studio/7.0/toolchain/avr8/avr8-gnu-toolchain/bin/../lib/gcc/avr/4.9.2/avr6\libgcc.a(_divmodsi4.o)
                0x0000abfe                __divmodsi4
 .text.libgcc.div
                0x0000ac2c       0x10 c:/program files (x86)/atmel/studio/7.0/toolchain/avr8/avr8-gnu-toolchain/bin/../lib/gcc/avr/4.9.2/avr6\libgcc.a(_negsi2.o)
                0x0000ac2c                __negsi2
 .text.libgcc   0x0000ac3c       0x10 c:/program files (x86)/atmel/studio/7.0/toolchain/avr8/avr8-gnu-toolchain/bin/../lib/gcc/avr/4.9.2/avr6\libgcc.a(_tablejump2.o)
                0x0000ac3c                __tablejump2__
 .text.libgcc.mul
                0x0000ac4c       0x10 c:/program files (x86)/atmel/studio/7.0/toolchain/avr8/avr8-gnu-toolchain/bin/../lib/gcc/avr/4.9.2/avr6\libgcc.a(_mulhisi3.o)
                0x0000ac4c                __mulhisi3
 .text.libgcc.mul
                0x0000ac5c       0x1e c:/program files (x86)/atmel/studio/7.0/toolchain/avr8/avr8-gnu-toolchain/bin/../lib/gcc/avr/4.9.2/avr6\libgcc.a(_umulhisi3.o)
                0x0000ac5c                __umulhisi3
 .text.libgcc.mul
                0x0000ac7a        0xe c:/program files (x86)/atmel/studio/7.0/toolchain/avr8/avr8-gnu-toolchain/bin/../lib/gcc/avr/4.9.2/avr6\libgcc.a(_usmulhisi3.o)
                0x0000ac7a                __usmulhisi3
                0x0000ac7e                __usmulhisi3_tail
 .text.libgcc.mul
                0x0000ac88       0x16 c:/program files (x86)/atmel/studio/7.0/toolchain/avr8/avr8-gnu-toolchain/bin/../lib/gcc/avr/4.9.2/avr6\libgcc.a(_muluhisi3.o)
                0x0000ac88                __muluhisi3
 .text.libgcc   0x0000ac9e       0x12 c:/program files (x86)/atmel/studio/7.0/toolchain/avr8/avr8-gnu-toolchain/bin/../lib/gcc/avr/4.9.2/avr6\libgcc.a(_subdi3.o)
                0x0000ac9e                __subdi3
 .text.avr-libc.fplib
                0x0000acb0        0xe c:/program files (x86)/atmel/studio/7.0/toolchain/avr8/avr8-gnu-toolchain/bin/../lib/gcc/avr/4.9.2/../../../../avr/lib/avr6\libm.a(addsf3.o)
                0x0000acb0                __subsf3
                0x0000acb2                __addsf3
 .text.avr-libc.fplib
                0x0000acbe       0xcc c:/program files (x86)/atmel/studio/7.0/toolchain/avr8/avr8-gnu-toolchain/bin/../lib/gcc/avr/4.9.2/../../../../avr/lib/avr6\libm.a(addsf3x.o)
                0x0000ace0                __addsf3x
 .text.avr-libc.fplib
                0x0000ad8a       0x86 c:/program files (x86)/atmel/studio/7.0/toolchain/avr8/avr8-gnu-toolchain/bin/../lib/gcc/avr/4.9.2/../../../../avr/lib/avr6\libm.a(atan2.o)
                0x0000adb0                atan2
 .text.avr-libc.fplib
                0x0000ae10       0x5e c:/program files (x86)/atmel/studio/7.0/toolchain/avr8/avr8-gnu-toolchain/bin/../lib/gcc/avr/4.9.2/../../../../avr/lib/avr6\libm.a(atan.o)
                0x0000ae10                atan
 .text.avr-libc.fplib
                0x0000ae6e        0xa c:/program files (x86)/atmel/studio/7.0/toolchain/avr8/avr8-gnu-toolchain/bin/../lib/gcc/avr/4.9.2/../../../../avr/lib/avr6\libm.a(cos.o)
                0x0000ae6e                cos
 .text.avr-libc.fplib
                0x0000ae78        0x8 c:/program files (x86)/atmel/studio/7.0/toolchain/avr8/avr8-gnu-toolchain/bin/../lib/gcc/avr/4.9.2/../../../../avr/lib/avr6\libm.a(divsf3.o)
                0x0000ae78                __divsf3
 .text.avr-libc.fplib
                0x0000ae80       0xdc c:/program files (x86)/atmel/studio/7.0/toolchain/avr8/avr8-gnu-toolchain/bin/../lib/gcc/avr/4.9.2/../../../../avr/lib/avr6\libm.a(divsf3x.o)
                0x0000aea0                __divsf3x
                0x0000aea6                __divsf3_pse
 .text.avr-libc.fplib
                0x0000af5c        0xe c:/program files (x86)/atmel/studio/7.0/toolchain/avr8/avr8-gnu-toolchain/bin/../lib/gcc/avr/4.9.2/../../../../avr/lib/avr6\libm.a(fixsfsi.o)
                0x0000af5c                __fixsfsi
 .text.avr-libc.fplib
                0x0000af6a       0x5e c:/program files (x86)/atmel/studio/7.0/toolchain/avr8/avr8-gnu-toolchain/bin/../lib/gcc/avr/4.9.2/../../../../avr/lib/avr6\libm.a(fixunssfsi.o)
                0x0000af6a                __fixunssfsi
 .text.avr-libc.fplib
                0x0000afc8       0x7a c:/program files (x86)/atmel/studio/7.0/toolchain/avr8/avr8-gnu-toolchain/bin/../lib/gcc/avr/4.9.2/../../../../avr/lib/avr6\libm.a(floatsisf.o)
                0x0000afc8                __floatunsisf
                0x0000afcc                __floatsisf
 .text.avr-libc.fplib
                0x0000b042        0xc c:/program files (x86)/atmel/studio/7.0/toolchain/avr8/avr8-gnu-toolchain/bin/../lib/gcc/avr/4.9.2/../../../../avr/lib/avr6\libm.a(fp_inf.o)
                0x0000b042                __fp_inf
 .text.avr-libc.fplib
                0x0000b04e        0x6 c:/program files (x86)/atmel/studio/7.0/toolchain/avr8/avr8-gnu-toolchain/bin/../lib/gcc/avr/4.9.2/../../../../avr/lib/avr6\libm.a(fp_nan.o)
                0x0000b04e                __fp_nan
 .text.avr-libc.fplib
                0x0000b054       0x4e c:/program files (x86)/atmel/studio/7.0/toolchain/avr8/avr8-gnu-toolchain/bin/../lib/gcc/avr/4.9.2/../../../../avr/lib/avr6\libm.a(fp_powser.o)
                0x0000b054                __fp_powser
 .text.avr-libc.fplib
                0x0000b0a2        0xe c:/program files (x86)/atmel/studio/7.0/toolchain/avr8/avr8-gnu-toolchain/bin/../lib/gcc/avr/4.9.2/../../../../avr/lib/avr6\libm.a(fp_pscA.o)
                0x0000b0a2                __fp_pscA
 .text.avr-libc.fplib
                0x0000b0b0        0xe c:/program files (x86)/atmel/studio/7.0/toolchain/avr8/avr8-gnu-toolchain/bin/../lib/gcc/avr/4.9.2/../../../../avr/lib/avr6\libm.a(fp_pscB.o)
                0x0000b0b0                __fp_pscB
 .text.avr-libc.fplib
                0x0000b0be       0x56 c:/program files (x86)/atmel/studio/7.0/toolchain/avr8/avr8-gnu-toolchain/bin/../lib/gcc/avr/4.9.2/../../../../avr/lib/avr6\libm.a(fp_rempio2.o)
                0x0000b0c2                __fp_rempio2
 .text.avr-libc.fplib
                0x0000b114       0x22 c:/program files (x86)/atmel/studio/7.0/toolchain/avr8/avr8-gnu-toolchain/bin/../lib/gcc/avr/4.9.2/../../../../avr/lib/avr6\libm.a(fp_round.o)
                0x0000b114                __fp_round
 .text.avr-libc.fplib
                0x0000b136       0x28 c:/program files (x86)/atmel/studio/7.0/toolchain/avr8/avr8-gnu-toolchain/bin/../lib/gcc/avr/4.9.2/../../../../avr/lib/avr6\libm.a(fp_sinus.o)
                0x0000b136                __fp_sinus
 .text.avr-libc.fplib
                0x0000b15e       0x44 c:/program files (x86)/atmel/studio/7.0/toolchain/avr8/avr8-gnu-toolchain/bin/../lib/gcc/avr/4.9.2/../../../../avr/lib/avr6\libm.a(fp_split3.o)
                0x0000b15e                __fp_split3
                0x0000b16e                __fp_splitA
 .text.avr-libc.fplib
                0x0000b1a2        0xe c:/program files (x86)/atmel/studio/7.0/toolchain/avr8/avr8-gnu-toolchain/bin/../lib/gcc/avr/4.9.2/../../../../avr/lib/avr6\libm.a(fp_zero.o)
                0x0000b1a2                __fp_zero
                0x0000b1a4                __fp_szero
 .text.avr-libc.fplib
                0x0000b1b0       0x10 c:/program files (x86)/atmel/studio/7.0/toolchain/avr8/avr8-gnu-toolchain/bin/../lib/gcc/avr/4.9.2/../../../../avr/lib/avr6\libm.a(inverse.o)
                0x0000b1b0                inverse
 .text.avr-libc.fplib
                0x0000b1c0        0x8 c:/program files (x86)/atmel/studio/7.0/toolchain/avr8/avr8-gnu-toolchain/bin/../lib/gcc/avr/4.9.2/../../../../avr/lib/avr6\libm.a(mulsf3.o)
                0x0000b1c0                __mulsf3
 .text.avr-libc.fplib
                0x0000b1c8       0xd2 c:/program files (x86)/atmel/studio/7.0/toolchain/avr8/avr8-gnu-toolchain/bin/../lib/gcc/avr/4.9.2/../../../../avr/lib/avr6\libm.a(mulsf3x.o)
                0x0000b1e6                __mulsf3x
                0x0000b1ec                __mulsf3_pse
 .text.avr-libc.fplib
                0x0000b29a       0x10 c:/program files (x86)/atmel/studio/7.0/toolchain/avr8/avr8-gnu-toolchain/bin/../lib/gcc/avr/4.9.2/../../../../avr/lib/avr6\libm.a(sin.o)
                0x0000b29a                sin
 .text.avr-libc.fplib
                0x0000b2aa        0x8 c:/program files (x86)/atmel/studio/7.0/toolchain/avr8/avr8-gnu-toolchain/bin/../lib/gcc/avr/4.9.2/../../../../avr/lib/avr6\libm.a(square.o)
                0x0000b2aa                square
 .text.avr-libc.fplib
                0x0000b2b2       0x1c c:/program files (x86)/atmel/studio/7.0/toolchain/avr8/avr8-gnu-toolchain/bin/../lib/gcc/avr/4.9.2/../../../../avr/lib/avr6\libm.a(fp_mpack.o)
                0x0000b2b2                __fp_mpack
                0x0000b2b6                __fp_mpack_finite
 .text.avr-libc.fplib
                0x0000b2ce       0x28 c:/program files (x86)/atmel/studio/7.0/toolchain/avr8/avr8-gnu-toolchain/bin/../lib/gcc/avr/4.9.2/../../../../avr/lib/avr6\libm.a(fp_powsodd.o)
                0x0000b2ce                __fp_powsodd
 .text.avr-libc
                0x0000b2f6       0xb4 c:/program files (x86)/atmel/studio/7.0/toolchain/avr8/avr8-gnu-toolchain/bin/../lib/gcc/avr/4.9.2/../../../../avr/lib/avr6\libc.a(rand.o)
                0x0000b388                rand_r
                0x0000b38c                rand
                0x0000b394                srand
 .text.avr-libc
                0x0000b3aa       0x12 c:/program files (x86)/atmel/studio/7.0/toolchain/avr8/avr8-gnu-toolchain/bin/../lib/gcc/avr/4.9.2/../../../../avr/lib/avr6\libc.a(memcpy.o)
                0x0000b3aa                memcpy
 .text.avr-libc
                0x0000b3bc       0x24 c:/program files (x86)/atmel/studio/7.0/toolchain/avr8/avr8-gnu-toolchain/bin/../lib/gcc/avr/4.9.2/../../../../avr/lib/avr6\libc.a(memmove.o)
                0x0000b3bc                memmove
 .text.avr-libc
                0x0000b3e0        0xe c:/program files (x86)/atmel/studio/7.0/toolchain/avr8/avr8-gnu-toolchain/bin/../lib/gcc/avr/4.9.2/../../../../avr/lib/avr6\libc.a(memset.o)
                0x0000b3e0                memset
 .text.avr-libc
                0x0000b3ee       0x20 C:/Program Files (x86)/Atmel/Studio/7.0/Packs/atmel/ATmega_DFP/1.0.90/gcc/dev/atmega2560/avr6\libatmega2560.a(eerd_block.o)
                0x0000b3ee                eeprom_read_block
                0x0000b3f2                eeprom_read_blraw
 .text.avr-libc
                0x0000b40e       0x10 C:/Program Files (x86)/Atmel/Studio/7.0/Packs/atmel/ATmega_DFP/1.0.90/gcc/dev/atmega2560/avr6\libatmega2560.a(eerd_byte.o)
                0x0000b40e                eeprom_read_byte
 .text.avr-libc
                0x0000b41e        0xc C:/Program Files (x86)/Atmel/Studio/7.0/Packs/atmel/ATmega_DFP/1.0.90/gcc/dev/atmega2560/avr6\libatmega2560.a(eerd_word.o)
                0x0000b41e                eeprom_read_word
 .text.avr-libc
                0x0000b42a       0x20 C:/Program Files (x86)/Atmel/Studio/7.0/Packs/atmel/ATmega_DFP/1.0.90/gcc/dev/atmega2560/avr6\libatmega2560.a(eeupd_block.o)
                0x0000b42a                eeprom_update_block
 .text.avr-libc
                0x0000b44a       0x24 C:/Program Files (x86)/Atmel/Studio/7.0/Packs/atmel/ATmega_DFP/1.0.90/gcc/dev/atmega2560/avr6\libatmega2560.a(eeupd_byte.o)
                0x0000b44a                eeprom_update_byte
                0x0000b44c                eeprom_update_r18
 .text.avr-libc
                0x0000b46e        0xc C:/Program Files (x86)/Atmel/Studio/7.0/Packs/atmel/ATmega_DFP/1.0.90/gcc/dev/atmega2560/avr6\libatmega2560.a(eeupd_word.o)
                0x0000b46e                eeprom_update_word
 .text.avr-libc
                0x0000b47a       0x1c C:/Program Files (x86)/Atmel/Studio/7.0/Packs/atmel/ATmega_DFP/1.0.90/gcc/dev/atmega2560/avr6\libatmega2560.a(eewr_byte.o)
                0x0000b47a                eeprom_write_byte
                0x0000b47c                eeprom_write_r18
 .text.avr-libc
                0x0000b496        0xa C:/Program Files (x86)/Atmel/Studio/7.0/Packs/atmel/ATmega_DFP/1.0.90/gcc/dev/atmega2560/avr6\libatmega2560.a(eewr_word.o)
                0x0000b496                eeprom_write_word
 .text.libgcc.mul
                0x0000b4a0       0x10 c:/program files (x86)/atmel/studio/7.0/toolchain/avr8/avr8-gnu-toolchain/bin/../lib/gcc/avr/4.9.2/avr6\libgcc.a(_mulshisi3.o)
                0x0000b4a0                __mulshisi3
                0x0000b4a6                __mulohisi3
                0x0000b4b0                . = ALIGN (0x2)
 *(.fini9)
 .fini9         0x0000b4b0        0x0 c:/program files (x86)/atmel/studio/7.0/toolchain/avr8/avr8-gnu-toolchain/bin/../lib/gcc/avr/4.9.2/avr6\libgcc.a(_exit.o)
                0x0000b4b0                _exit
                0x0000b4b0                exit
 *(.fini9)
 *(.fini8)
 *(.fini8)
 *(.fini7)
 *(.fini7)
 *(.fini6)
 *(.fini6)
 *(.fini5)
 *(.fini5)
 *(.fini4)
 *(.fini4)
 *(.fini3)
 *(.fini3)
 *(.fini2)
 *(.fini2)
 *(.fini1)
 *(.fini1)
 *(.fini0)
 .fini0         0x0000b4b0        0x4 c:/program files (x86)/atmel/studio/7.0/toolchain/avr8/avr8-gnu-toolchain/bin/../lib/gcc/avr/4.9.2/avr6\libgcc.a(_exit.o)
 *(.fini0)
                0x0000b4b4                _etext = .

.data           0x00800200      0xd60 load address 0x0000b4b4
                0x00800200                PROVIDE (__data_start, .)
 *(.data)
 .data          0x00800200        0x4 c:/program files (x86)/atmel/studio/7.0/toolchain/avr8/avr8-gnu-toolchain/bin/../lib/gcc/avr/4.9.2/../../../../avr/lib/avr6\libc.a(rand.o)
 *(.data*)
 .data.AsebaNativeDescription_resetOdom
                0x00800204        0x8 elisa_natives.o
                0x00800204                AsebaNativeDescription_resetOdom
 .data.AsebaNativeDescription_setCliffAvoidance
                0x0080020c        0xc elisa_natives.o
                0x0080020c                AsebaNativeDescription_setCliffAvoidance
 .data.AsebaNativeDescription_setObstacleAvoidance
                0x00800218        0xc elisa_natives.o
                0x00800218                AsebaNativeDescription_setObstacleAvoidance
 .data.AsebaNativeDescription_prox_network
                0x00800224        0xc elisa_natives.o
                0x00800224                AsebaNativeDescription_prox_network
 .data.btnState.5974
                0x00800230        0x1 elisa3aseba.o
 .data.selectorState.5975
                0x00800231        0x1 elisa3aseba.o
 .data.accState.5972
                0x00800232        0x2 elisa3aseba.o
 .data.nativeFunctionsDescription
                0x00800234       0x34 elisa3aseba.o
 .data.vmState  0x00800268       0x36 elisa3aseba.o
 .data.vmDescription
                0x0080029e       0x76 elisa3aseba.o
                0x0080029e                vmDescription
 .data.name     0x00800314        0x9 elisa3aseba.o
                0x00800314                name
 .data.irCommRxReceivingSensor
                0x0080031d        0x1 variables.o
                0x0080031d                irCommRxReceivingSensor
 .data.speedStep
                0x0080031e        0x1 variables.o
                0x0080031e                speedStep
 .data.robotPosition
                0x0080031f        0x1 variables.o
                0x0080031f                robotPosition
 .data.currPosition
                0x00800320        0x1 variables.o
                0x00800320                currPosition
 .data.accelAddress
                0x00800321        0x1 variables.o
                0x00800321                accelAddress
 .data.checkGlitch
                0x00800322        0x1 variables.o
                0x00800322                checkGlitch
 .data.irEnabled
                0x00800323        0x1 variables.o
                0x00800323                irEnabled
 .data.pwm_blue
                0x00800324        0x1 variables.o
                0x00800324                pwm_blue
 .data.pwm_green
                0x00800325        0x1 variables.o
                0x00800325                pwm_green
 .data.pwm_red  0x00800326        0x1 variables.o
                0x00800326                pwm_red
 .data.firstSampleLeft
                0x00800327        0x1 variables.o
                0x00800327                firstSampleLeft
 .data.firstSampleRight
                0x00800328        0x1 variables.o
                0x00800328                firstSampleRight
 .data.compute_right_vel
                0x00800329        0x1 variables.o
                0x00800329                compute_right_vel
 .data.compute_left_vel
                0x0080032a        0x1 variables.o
                0x0080032a                compute_left_vel
 .data.i.5179   0x0080032b        0x2 ir_remote_control.o
 .data.check    0x0080032d        0x1 ir_remote_control.o
                0x0080032d                check
 *(.rodata)
 *(.rodata*)
 .rodata.str1.1
                0x0080032e       0xc2 elisa_natives.o
 .rodata.str1.1
                0x008003f0      0x55f natives.o
                                0x599 (size before relaxing)
 .rodata.AsebaNativeDescription_rand
                0x0080094f        0xc natives.o
                0x0080094f                AsebaNativeDescription_rand
 .rodata.AsebaNativeDescription_mathsqrt
                0x0080095b       0x10 natives.o
                0x0080095b                AsebaNativeDescription_mathsqrt
 .rodata.AsebaNativeDescription_mathrot2
                0x0080096b       0x14 natives.o
                0x0080096b                AsebaNativeDescription_mathrot2
 .rodata.AsebaNativeDescription_mathcos
                0x0080097f       0x10 natives.o
                0x0080097f                AsebaNativeDescription_mathcos
 .rodata.AsebaNativeDescription_mathsin
                0x0080098f       0x10 natives.o
                0x0080098f                AsebaNativeDescription_mathsin
 .rodata.AsebaNativeDescription_mathatan2
                0x0080099f       0x14 natives.o
                0x0080099f                AsebaNativeDescription_mathatan2
 .rodata.AsebaNativeDescription_mathmuldiv
                0x008009b3       0x18 natives.o
                0x008009b3                AsebaNativeDescription_mathmuldiv
 .rodata.AsebaNativeDescription_vecsort
                0x008009cb        0xc natives.o
                0x008009cb                AsebaNativeDescription_vecsort
 .rodata.AsebaNativeDescription_vecargbounds
                0x008009d7       0x14 natives.o
                0x008009d7                AsebaNativeDescription_vecargbounds
 .rodata.AsebaNativeDescription_vecstat
                0x008009eb       0x18 natives.o
                0x008009eb                AsebaNativeDescription_vecstat
 .rodata.AsebaNativeDescription_vecdot
                0x00800a03       0x18 natives.o
                0x00800a03                AsebaNativeDescription_vecdot
 .rodata.AsebaNativeDescription_vecclamp
                0x00800a1b       0x18 natives.o
                0x00800a1b                AsebaNativeDescription_vecclamp
 .rodata.AsebaNativeDescription_vecmax
                0x00800a33       0x14 natives.o
                0x00800a33                AsebaNativeDescription_vecmax
 .rodata.AsebaNativeDescription_vecmin
                0x00800a47       0x14 natives.o
                0x00800a47                AsebaNativeDescription_vecmin
 .rodata.AsebaNativeDescription_vecdiv
                0x00800a5b       0x14 natives.o
                0x00800a5b                AsebaNativeDescription_vecdiv
 .rodata.AsebaNativeDescription_vecmul
                0x00800a6f       0x14 natives.o
                0x00800a6f                AsebaNativeDescription_vecmul
 .rodata.AsebaNativeDescription_vecsub
                0x00800a83       0x14 natives.o
                0x00800a83                AsebaNativeDescription_vecsub
 .rodata.AsebaNativeDescription_vecadd
                0x00800a97       0x14 natives.o
                0x00800a97                AsebaNativeDescription_vecadd
 .rodata.AsebaNativeDescription_vecaddscalar
                0x00800aab       0x14 natives.o
                0x00800aab                AsebaNativeDescription_vecaddscalar
 .rodata.AsebaNativeDescription_vecfill
                0x00800abf       0x10 natives.o
                0x00800abf                AsebaNativeDescription_vecfill
 .rodata.AsebaNativeDescription_veccopy
                0x00800acf       0x10 natives.o
                0x00800acf                AsebaNativeDescription_veccopy
 .rodata.aseba_sin_table
                0x00800adf      0x102 natives.o
 .rodata.aseba_atan_table
                0x00800be1      0x142 natives.o
 .rodata.nativeFunctions
                0x00800d23       0x32 elisa3aseba.o
 .rodata.str1.1
                0x00800d55      0x1eb elisa3aseba.o
 .rodata.localEvents
                0x00800f40       0x20 elisa3aseba.o
 *(.gnu.linkonce.d*)
                0x00800f60                . = ALIGN (0x2)
                0x00800f60                _edata = .
                0x00800f60                PROVIDE (__data_end, .)

.bss            0x00800f60     0x1255
                0x00800f60                PROVIDE (__bss_start, .)
 *(.bss)
 *(.bss*)
 .bss.rnd_state
                0x00800f60        0x2 natives.o
 .bss.timerTick.5976
                0x00800f62        0x4 elisa3aseba.o
 .bss.batteryTick.5973
                0x00800f66        0x4 elisa3aseba.o
 .bss.rightSpeed.5978
                0x00800f6a        0x2 elisa3aseba.o
 .bss.leftSpeed.5977
                0x00800f6c        0x2 elisa3aseba.o
 .bss.events_flags
                0x00800f6e        0x2 elisa3aseba.o
 .bss.vmStack   0x00800f70       0x40 elisa3aseba.o
 .bss.vmBytecode
                0x00800fb0      0x800 elisa3aseba.o
 .bss.irCommTxSensorGroup
                0x008017b0        0x1 variables.o
                0x008017b0                irCommTxSensorGroup
 .bss.irCommTxDurationCycle
                0x008017b1        0x1 variables.o
                0x008017b1                irCommTxDurationCycle
 .bss.irCommTxSwitchCounter
                0x008017b2        0x1 variables.o
                0x008017b2                irCommTxSwitchCounter
 .bss.irCommTxSwitchCount
                0x008017b3        0x1 variables.o
                0x008017b3                irCommTxSwitchCount
 .bss.irCommTxDuration
                0x008017b4        0x2 variables.o
                0x008017b4                irCommTxDuration
 .bss.irCommTxPulseState
                0x008017b6        0x1 variables.o
                0x008017b6                irCommTxPulseState
 .bss.irCommTxBitCount
                0x008017b7        0x1 variables.o
                0x008017b7                irCommTxBitCount
 .bss.irCommTxCrc
                0x008017b8        0x1 variables.o
                0x008017b8                irCommTxCrc
 .bss.irCommTxLastTransmissionTime
                0x008017b9        0x4 variables.o
                0x008017b9                irCommTxLastTransmissionTime
 .bss.irCommTxByteEnqueued
                0x008017bd        0x1 variables.o
                0x008017bd                irCommTxByteEnqueued
 .bss.irCommTxByte
                0x008017be        0x1 variables.o
                0x008017be                irCommTxByte
 .bss.irCommAdcTxState
                0x008017bf        0x1 variables.o
                0x008017bf                irCommAdcTxState
 .bss.irCommRxNumReceivingSensors
                0x008017c0        0x1 variables.o
                0x008017c0                irCommRxNumReceivingSensors
 .bss.irCommRxMaxSensor
                0x008017c1        0x2 variables.o
                0x008017c1                irCommRxMaxSensor
 .bss.irCommRxMaxDiff
                0x008017c3        0x2 variables.o
                0x008017c3                irCommRxMaxDiff
 .bss.irCommRxStartPeakDuration
                0x008017c5        0x1 variables.o
                0x008017c5                irCommRxStartPeakDuration
 .bss.irCommRxPeakHighToLow
                0x008017c6        0x1 variables.o
                0x008017c6                irCommRxPeakHighToLow
 .bss.irCommRxStartBitDetected
                0x008017c7        0x1 variables.o
                0x008017c7                irCommRxStartBitDetected
 .bss.irCommRxBitSkipped
                0x008017c8        0x1 variables.o
                0x008017c8                irCommRxBitSkipped
 .bss.irCommRxDataAvailable
                0x008017c9        0x1 variables.o
                0x008017c9                irCommRxDataAvailable
 .bss.irCommRxLastDataReceived
                0x008017ca        0x1 variables.o
                0x008017ca                irCommRxLastDataReceived
 .bss.irCommShiftCounter
                0x008017cb        0x1 variables.o
                0x008017cb                irCommShiftCounter
 .bss.irCommSecondBitSkipped
                0x008017cc        0x1 variables.o
                0x008017cc                irCommSecondBitSkipped
 .bss.irCommRxByte
                0x008017cd        0x1 variables.o
                0x008017cd                irCommRxByte
 .bss.irCommRxCrcError
                0x008017ce        0x1 variables.o
                0x008017ce                irCommRxCrcError
 .bss.irCommRxBitCount
                0x008017cf        0x1 variables.o
                0x008017cf                irCommRxBitCount
 .bss.irCommSwitchCount
                0x008017d0        0x1 variables.o
                0x008017d0                irCommSwitchCount
 .bss.irCommSignalState
                0x008017d1        0x1 variables.o
                0x008017d1                irCommSignalState
 .bss.irCommProxMean
                0x008017d2        0x2 variables.o
                0x008017d2                irCommProxMean
 .bss.irCommComputeShift
                0x008017d4        0x1 variables.o
                0x008017d4                irCommComputeShift
 .bss.irCommShiftCount
                0x008017d5        0x1 variables.o
                0x008017d5                irCommShiftCount
 .bss.irCommTempMin
                0x008017d6        0x2 variables.o
                0x008017d6                irCommTempMin
 .bss.irCommTempMax
                0x008017d8        0x2 variables.o
                0x008017d8                irCommTempMax
 .bss.irCommProxSum
                0x008017da        0x4 variables.o
                0x008017da                irCommProxSum
 .bss.irCommRxCrc
                0x008017de        0x1 variables.o
                0x008017de                irCommRxCrc
 .bss.irCommRxWindowSamples
                0x008017df        0x1 variables.o
                0x008017df                irCommRxWindowSamples
 .bss.irCommAdcRxState
                0x008017e0        0x1 variables.o
                0x008017e0                irCommAdcRxState
 .bss.irCommTickCounter2
                0x008017e1        0x4 variables.o
                0x008017e1                irCommTickCounter2
 .bss.irCommTickCounter
                0x008017e5        0x4 variables.o
                0x008017e5                irCommTickCounter
 .bss.irCommTempValue
                0x008017e9        0x2 variables.o
                0x008017e9                irCommTempValue
 .bss.irCommState
                0x008017eb        0x1 variables.o
                0x008017eb                irCommState
 .bss.irCommMode
                0x008017ec        0x1 variables.o
                0x008017ec                irCommMode
 .bss.irCommEnabledNext
                0x008017ed        0x1 variables.o
                0x008017ed                irCommEnabledNext
 .bss.irCommEnabled
                0x008017ee        0x1 variables.o
                0x008017ee                irCommEnabled
 .bss.timeRightOdom
                0x008017ef        0x4 variables.o
                0x008017ef                timeRightOdom
 .bss.timeLeftOdom
                0x008017f3        0x4 variables.o
                0x008017f3                timeLeftOdom
 .bss.speedRightFromEnc
                0x008017f7        0x2 variables.o
                0x008017f7                speedRightFromEnc
 .bss.speedLeftFromEnc
                0x008017f9        0x2 variables.o
                0x008017f9                speedLeftFromEnc
 .bss.rightSumCount
                0x008017fb        0x2 variables.o
                0x008017fb                rightSumCount
 .bss.leftSumCount
                0x008017fd        0x2 variables.o
                0x008017fd                leftSumCount
 .bss.rightSpeedSumOdom
                0x008017ff        0x4 variables.o
                0x008017ff                rightSpeedSumOdom
 .bss.leftSpeedSumOdom
                0x00801803        0x4 variables.o
                0x00801803                leftSpeedSumOdom
 .bss.thetaAcc  0x00801807        0x4 variables.o
                0x00801807                thetaAcc
 .bss.computeOdometry
                0x0080180b        0x1 variables.o
                0x0080180b                computeOdometry
 .bss.rightDistPrev
                0x0080180c        0x4 variables.o
                0x0080180c                rightDistPrev
 .bss.leftDistPrev
                0x00801810        0x4 variables.o
                0x00801810                leftDistPrev
 .bss.rightDist
                0x00801814        0x4 variables.o
                0x00801814                rightDist
 .bss.leftDist  0x00801818        0x4 variables.o
                0x00801818                leftDist
 .bss.deltaDist
                0x0080181c        0x4 variables.o
                0x0080181c                deltaDist
 .bss.yPos      0x00801820        0x4 variables.o
                0x00801820                yPos
 .bss.xPos      0x00801824        0x4 variables.o
                0x00801824                xPos
 .bss.theta     0x00801828        0x4 variables.o
                0x00801828                theta
 .bss.cliffDetectedFlag
                0x0080182c        0x1 variables.o
                0x0080182c                cliffDetectedFlag
 .bss.cliffAvoidanceEnabled
                0x0080182d        0x1 variables.o
                0x0080182d                cliffAvoidanceEnabled
 .bss.obstacleAvoidanceEnabled
                0x0080182e        0x1 variables.o
                0x0080182e                obstacleAvoidanceEnabled
 .bss.lastTick  0x0080182f        0x4 variables.o
                0x0080182f                lastTick
 .bss.softAccEnabled
                0x00801833        0x1 variables.o
                0x00801833                softAccEnabled
 .bss.speedStepCounter
                0x00801834        0x8 variables.o
                0x00801834                speedStepCounter
 .bss.hardwareRevision
                0x0080183c        0x1 variables.o
                0x0080183c                hardwareRevision
 .bss.calibrationCycle
                0x0080183d        0x2 variables.o
                0x0080183d                calibrationCycle
 .bss.currentSelector
                0x0080183f        0x1 variables.o
                0x0080183f                currentSelector
 .bss.clockTick
                0x00801840        0x4 variables.o
                0x00801840                clockTick
 .bss.accBuff   0x00801844        0x6 variables.o
                0x00801844                accBuff
 .bss.timesInSamePos
                0x0080184a        0x2 variables.o
                0x0080184a                timesInSamePos
 .bss.currentAngle
                0x0080184c        0x2 variables.o
                0x0080184c                currentAngle
 .bss.accYMin   0x0080184e        0x2 variables.o
                0x0080184e                accYMin
 .bss.accYMax   0x00801850        0x2 variables.o
                0x00801850                accYMax
 .bss.accXMin   0x00801852        0x2 variables.o
                0x00801852                accXMin
 .bss.accXMax   0x00801854        0x2 variables.o
                0x00801854                accXMax
 .bss.accOffsetYSum
                0x00801856        0x2 variables.o
                0x00801856                accOffsetYSum
 .bss.accOffsetXSum
                0x00801858        0x2 variables.o
                0x00801858                accOffsetXSum
 .bss.accOffsetY
                0x0080185a        0x2 variables.o
                0x0080185a                accOffsetY
 .bss.accOffsetX
                0x0080185c        0x2 variables.o
                0x0080185c                accOffsetX
 .bss.accZ      0x0080185e        0x2 variables.o
                0x0080185e                accZ
 .bss.accY      0x00801860        0x2 variables.o
                0x00801860                accY
 .bss.accX      0x00801862        0x2 variables.o
                0x00801862                accX
 .bss.useAccel  0x00801864        0x1 variables.o
                0x00801864                useAccel
 .bss.command_received
                0x00801865        0x1 variables.o
                0x00801865                command_received
 .bss.currByteIndex
                0x00801866        0x1 variables.o
                0x00801866                currByteIndex
 .bss.nextByteIndex
                0x00801867        0x1 variables.o
                0x00801867                nextByteIndex
 .bss.uartBuff  0x00801868      0x100 variables.o
                0x00801868                uartBuff
 .bss.byteCount
                0x00801968        0x2 variables.o
                0x00801968                byteCount
 .bss.commError
                0x0080196a        0x1 variables.o
                0x0080196a                commError
 .bss.spiCommError
                0x0080196b        0x1 variables.o
                0x0080196b                spiCommError
 .bss.rfFlags   0x0080196c        0x1 variables.o
                0x0080196c                rfFlags
 .bss.rfAddress
                0x0080196d        0x2 variables.o
                0x0080196d                rfAddress
 .bss.speedr    0x0080196f        0x2 variables.o
                0x0080196f                speedr
 .bss.speedl    0x00801971        0x2 variables.o
                0x00801971                speedl
 .bss.pwm_left_working
                0x00801973        0x2 variables.o
                0x00801973                pwm_left_working
 .bss.pwm_right_working
                0x00801975        0x2 variables.o
                0x00801975                pwm_right_working
 .bss.delta_right_speed_sum
                0x00801977        0x2 variables.o
                0x00801977                delta_right_speed_sum
 .bss.delta_left_speed_sum
                0x00801979        0x2 variables.o
                0x00801979                delta_left_speed_sum
 .bss.pwm_left_speed_controller
                0x0080197b        0x4 variables.o
                0x0080197b                pwm_left_speed_controller
 .bss.pwm_right_speed_controller
                0x0080197f        0x4 variables.o
                0x0080197f                pwm_right_speed_controller
 .bss.pwm_intermediate_left_desired
                0x00801983        0x2 variables.o
                0x00801983                pwm_intermediate_left_desired
 .bss.pwm_intermediate_right_desired
                0x00801985        0x2 variables.o
                0x00801985                pwm_intermediate_right_desired
 .bss.pwm_left_desired
                0x00801987        0x2 variables.o
                0x00801987                pwm_left_desired
 .bss.pwm_right_desired
                0x00801989        0x2 variables.o
                0x00801989                pwm_right_desired
 .bss.pwm_left  0x0080198b        0x2 variables.o
                0x0080198b                pwm_left
 .bss.pwm_right
                0x0080198d        0x2 variables.o
                0x0080198d                pwm_right
 .bss.last_right_vel
                0x0080198f        0x2 variables.o
                0x0080198f                last_right_vel
 .bss.last_left_vel
                0x00801991        0x2 variables.o
                0x00801991                last_left_vel
 .bss.right_vel_sum
                0x00801993        0x2 variables.o
                0x00801993                right_vel_sum
 .bss.left_vel_sum
                0x00801995        0x2 variables.o
                0x00801995                left_vel_sum
 .bss.pwm_left_desired_to_control
                0x00801997        0x2 variables.o
                0x00801997                pwm_left_desired_to_control
 .bss.pwm_right_desired_to_control
                0x00801999        0x2 variables.o
                0x00801999                pwm_right_desired_to_control
 .bss.right_current_avg
                0x0080199b        0x2 variables.o
                0x0080199b                right_current_avg
 .bss.left_current_avg
                0x0080199d        0x2 variables.o
                0x0080199d                left_current_avg
 .bss.leftMotSteps
                0x0080199f        0x4 variables.o
                0x0080199f                leftMotSteps
 .bss.rightMotSteps
                0x008019a3        0x4 variables.o
                0x008019a3                rightMotSteps
 .bss.proximityResultLinear
                0x008019a7       0x10 variables.o
                0x008019a7                proximityResultLinear
 .bss.proxUpdated
                0x008019b7        0x1 variables.o
                0x008019b7                proxUpdated
 .bss.measBattery
                0x008019b8        0x1 variables.o
                0x008019b8                measBattery
 .bss.batteryLevel
                0x008019b9        0x2 variables.o
                0x008019b9                batteryLevel
 .bss.leftChannelPhase
                0x008019bb        0x1 variables.o
                0x008019bb                leftChannelPhase
 .bss.rightChannelPhase
                0x008019bc        0x1 variables.o
                0x008019bc                rightChannelPhase
 .bss.adcSamplingState
                0x008019bd        0x1 variables.o
                0x008019bd                adcSamplingState
 .bss.adcSaveDataTo
                0x008019be        0x1 variables.o
                0x008019be                adcSaveDataTo
 .bss.proximitySum
                0x008019bf       0x30 variables.o
                0x008019bf                proximitySum
 .bss.proximityOffset
                0x008019ef       0x18 variables.o
                0x008019ef                proximityOffset
 .bss.proximityResult
                0x00801a07       0x18 variables.o
                0x00801a07                proximityResult
 .bss.proximityValue
                0x00801a1f       0x30 variables.o
                0x00801a1f                proximityValue
 .bss.leftMotorPhase
                0x00801a4f        0x1 variables.o
                0x00801a4f                leftMotorPhase
 .bss.rightMotorPhase
                0x00801a50        0x1 variables.o
                0x00801a50                rightMotorPhase
 .bss.currentMotRightChannel
                0x00801a51        0x1 variables.o
                0x00801a51                currentMotRightChannel
 .bss.currentMotLeftChannel
                0x00801a52        0x1 variables.o
                0x00801a52                currentMotLeftChannel
 .bss.currentProx
                0x00801a53        0x1 variables.o
                0x00801a53                currentProx
 .bss.currentAdChannel
                0x00801a54        0x1 variables.o
                0x00801a54                currentAdChannel
 .bss.data_ir   0x00801a55        0x1 ir_remote_control.o
                0x00801a55                data_ir
 .bss.address   0x00801a56        0x1 ir_remote_control.o
                0x00801a56                address
 .bss.check_temp
                0x00801a57        0x1 ir_remote_control.o
 .bss.data_temp
                0x00801a58        0x1 ir_remote_control.o
 .bss.address_temp
                0x00801a59        0x1 ir_remote_control.o
 .bss.buffer_pos
                0x00801a5a        0x2 vm-buffer.o
 .bss.buffer    0x00801a5c      0x206 vm-buffer.o
 *(COMMON)
 COMMON         0x00801c62      0x17c elisa3aseba.o
                0x00801c62                elisa3Variables
 COMMON         0x00801dde      0x3d7 variables.o
                0x00801dde                irCommMinSensorValueCurr
                0x00801de0                irCommMaxSensorValueCurr
                0x00801de2                timeOdometry
                0x00801de6                currentOsccal
                0x00801de7                calibWheel
                0x00801de8                irCommTxBitToTransmit
                0x00801df4                irCommRxBitReceived
                0x00801dfe                calibrateOdomFlag
                0x00801dff                delta_left_speed_current
                0x00801e01                irCommMinSensorValueAdc
                0x00801e03                irCommProxValuesBuff1
                0x00801f43                irCommProxValuesBuff2
                0x00802083                irCommProxValuesCurr
                0x00802085                irCommMinSensorValueBuff1
                0x00802095                irCommProxValuesAdc
                0x00802097                calibVelIndex
                0x00802098                delta_right_speed_prev
                0x0080209a                ackPayload
                0x008020aa                irCommMinSensorValueBuff2
                0x008020ba                calibration
                0x0080214a                dataLED
                0x00802150                delta_left_speed_prev
                0x00802152                irCommMaxSensorValueBuff1
                0x00802162                rfData
                0x0080216f                delta_right_speed_current
                0x00802171                timeoutOdometry
                0x00802175                irCommMaxSensorValueAdc
                0x00802177                irCommMaxSensorSignal
                0x0080219f                calibState
                0x008021a0                irCommMaxSensorValueBuff2
                0x008021b0                tempVel
                0x008021b2                irCommTempPointer
                0x008021b4                startCalibration
                0x008021b5                PROVIDE (__bss_end, .)
                0x0000b4b4                __data_load_start = LOADADDR (.data)
                0x0000c214                __data_load_end = (__data_load_start + SIZEOF (.data))

.noinit         0x008021b5        0x0
                0x008021b5                PROVIDE (__noinit_start, .)
 *(.noinit*)
                0x008021b5                PROVIDE (__noinit_end, .)
                0x008021b5                _end = .
                0x008021b5                PROVIDE (__heap_start, .)

.eeprom         0x00810000      0x802
 *(.eeprom*)
 .eeprom        0x00810000      0x802 elisa3aseba.o
                0x00810000                eeprom_bytecode
                0x00810800                bytecode_version
                0x00810802                __eeprom_end = .

.fuse
 *(.fuse)
 *(.lfuse)
 *(.hfuse)
 *(.efuse)

.lock
 *(.lock*)

.signature
 *(.signature*)

.user_signatures
 *(.user_signatures*)

.stab
 *(.stab)

.stabstr
 *(.stabstr)

.stab.excl
 *(.stab.excl)

.stab.exclstr
 *(.stab.exclstr)

.stab.index
 *(.stab.index)

.stab.indexstr
 *(.stab.indexstr)

.comment        0x00000000       0x30
 *(.comment)
 .comment       0x00000000       0x30 eepromIO.o
                                 0x31 (size before relaxing)
 .comment       0x00000030       0x31 elisa_natives.o
 .comment       0x00000030       0x31 irCommunication.o
 .comment       0x00000030       0x31 natives.o
 .comment       0x00000030       0x31 elisa3aseba.o
 .comment       0x00000030       0x31 leds.o
 .comment       0x00000030       0x31 motors.o
 .comment       0x00000030       0x31 ports_io.o
 .comment       0x00000030       0x31 usart.o
 .comment       0x00000030       0x31 variables.o
 .comment       0x00000030       0x31 behaviors.o
 .comment       0x00000030       0x31 speed_control.o
 .comment       0x00000030       0x31 adc.o
 .comment       0x00000030       0x31 sensors.o
 .comment       0x00000030       0x31 twimaster.o
 .comment       0x00000030       0x31 utility.o
 .comment       0x00000030       0x31 ir_remote_control.o
 .comment       0x00000030       0x31 mirf.o
 .comment       0x00000030       0x31 spi.o
 .comment       0x00000030       0x31 vm-buffer.o
 .comment       0x00000030       0x31 vm.o
 .comment       0x00000030       0x31 c:/program files (x86)/atmel/studio/7.0/toolchain/avr8/avr8-gnu-toolchain/bin/../lib/gcc/avr/4.9.2/../../../../avr/lib/avr6\libc.a(rand.o)

.note.gnu.avr.deviceinfo
                0x00000000       0x40
 .note.gnu.avr.deviceinfo
                0x00000000       0x40 C:/Program Files (x86)/Atmel/Studio/7.0/Packs/atmel/ATmega_DFP/1.0.90/gcc/dev/atmega2560/avr6/crtatmega2560.o

.note.gnu.build-id
 *(.note.gnu.build-id)

.debug
 *(.debug)

.line
 *(.line)

.debug_srcinfo
 *(.debug_srcinfo)

.debug_sfnames
 *(.debug_sfnames)

.debug_aranges  0x00000000      0x810
 *(.debug_aranges)
 .debug_aranges
                0x00000000       0x28 eepromIO.o
 .debug_aranges
                0x00000028       0x38 elisa_natives.o
 .debug_aranges
                0x00000060       0x78 irCommunication.o
 .debug_aranges
                0x000000d8      0x100 natives.o
 .debug_aranges
                0x000001d8       0xa8 elisa3aseba.o
 .debug_aranges
                0x00000280       0x58 leds.o
 .debug_aranges
                0x000002d8       0xb8 motors.o
 .debug_aranges
                0x00000390       0x20 ports_io.o
 .debug_aranges
                0x000003b0       0x58 usart.o
 .debug_aranges
                0x00000408       0x18 variables.o
 .debug_aranges
                0x00000420       0x50 behaviors.o
 .debug_aranges
                0x00000470       0x30 speed_control.o
 .debug_aranges
                0x000004a0       0x28 adc.o
 .debug_aranges
                0x000004c8       0x68 sensors.o
 .debug_aranges
                0x00000530       0x60 twimaster.o
 .debug_aranges
                0x00000590       0x50 utility.o
 .debug_aranges
                0x000005e0       0x50 ir_remote_control.o
 .debug_aranges
                0x00000630       0xc8 mirf.o
 .debug_aranges
                0x000006f8       0x48 spi.o
 .debug_aranges
                0x00000740       0x38 vm-buffer.o
 .debug_aranges
                0x00000778       0x98 vm.o

.debug_pubnames
 *(.debug_pubnames)

.debug_info     0x00000000     0xdb36
 *(.debug_info .gnu.linkonce.wi.*)
 .debug_info    0x00000000      0x1d6 eepromIO.o
 .debug_info    0x000001d6      0x484 elisa_natives.o
 .debug_info    0x0000065a      0x65e irCommunication.o
 .debug_info    0x00000cb8     0x2677 natives.o
 .debug_info    0x0000332f     0x1b4e elisa3aseba.o
 .debug_info    0x00004e7d      0x1e0 leds.o
 .debug_info    0x0000505d      0xa2b motors.o
 .debug_info    0x00005a88       0xbb ports_io.o
 .debug_info    0x00005b43      0x206 usart.o
 .debug_info    0x00005d49     0x1052 variables.o
 .debug_info    0x00006d9b      0x272 behaviors.o
 .debug_info    0x0000700d      0x198 speed_control.o
 .debug_info    0x000071a5      0x4b5 adc.o
 .debug_info    0x0000765a      0xb5c sensors.o
 .debug_info    0x000081b6      0x280 twimaster.o
 .debug_info    0x00008436      0x449 utility.o
 .debug_info    0x0000887f      0x3ec ir_remote_control.o
 .debug_info    0x00008c6b     0x143c mirf.o
 .debug_info    0x0000a0a7      0x23e spi.o
 .debug_info    0x0000a2e5     0x16a3 vm-buffer.o
 .debug_info    0x0000b988     0x21ae vm.o

.debug_abbrev   0x00000000     0x26b2
 *(.debug_abbrev)
 .debug_abbrev  0x00000000       0xec eepromIO.o
 .debug_abbrev  0x000000ec      0x159 elisa_natives.o
 .debug_abbrev  0x00000245      0x1ec irCommunication.o
 .debug_abbrev  0x00000431      0x2dd natives.o
 .debug_abbrev  0x0000070e      0x490 elisa3aseba.o
 .debug_abbrev  0x00000b9e       0xa9 leds.o
 .debug_abbrev  0x00000c47      0x303 motors.o
 .debug_abbrev  0x00000f4a       0x73 ports_io.o
 .debug_abbrev  0x00000fbd      0x12c usart.o
 .debug_abbrev  0x000010e9       0x77 variables.o
 .debug_abbrev  0x00001160      0x149 behaviors.o
 .debug_abbrev  0x000012a9       0x96 speed_control.o
 .debug_abbrev  0x0000133f      0x13d adc.o
 .debug_abbrev  0x0000147c      0x26c sensors.o
 .debug_abbrev  0x000016e8      0x169 twimaster.o
 .debug_abbrev  0x00001851      0x1a5 utility.o
 .debug_abbrev  0x000019f6      0x190 ir_remote_control.o
 .debug_abbrev  0x00001b86      0x38f mirf.o
 .debug_abbrev  0x00001f15      0x13b spi.o
 .debug_abbrev  0x00002050      0x26f vm-buffer.o
 .debug_abbrev  0x000022bf      0x3f3 vm.o

.debug_line     0x00000000     0x4375
 *(.debug_line .debug_line.* .debug_line_end)
 .debug_line    0x00000000      0x193 eepromIO.o
 .debug_line    0x00000193      0x13c elisa_natives.o
 .debug_line    0x000002cf      0x444 irCommunication.o
 .debug_line    0x00000713      0x8e0 natives.o
 .debug_line    0x00000ff3      0x72b elisa3aseba.o
 .debug_line    0x0000171e      0x1bb leds.o
 .debug_line    0x000018d9      0x6c2 motors.o
 .debug_line    0x00001f9b       0xd3 ports_io.o
 .debug_line    0x0000206e      0x14f usart.o
 .debug_line    0x000021bd       0x90 variables.o
 .debug_line    0x0000224d      0x1aa behaviors.o
 .debug_line    0x000023f7      0x11e speed_control.o
 .debug_line    0x00002515      0x3d3 adc.o
 .debug_line    0x000028e8      0x39a sensors.o
 .debug_line    0x00002c82      0x1ac twimaster.o
 .debug_line    0x00002e2e      0x246 utility.o
 .debug_line    0x00003074      0x28f ir_remote_control.o
 .debug_line    0x00003303      0x48c mirf.o
 .debug_line    0x0000378f      0x14c spi.o
 .debug_line    0x000038db      0x32b vm-buffer.o
 .debug_line    0x00003c06      0x76f vm.o

.debug_frame    0x00000000     0x1c0c
 *(.debug_frame)
 .debug_frame   0x00000000       0x34 eepromIO.o
 .debug_frame   0x00000034       0x54 elisa_natives.o
 .debug_frame   0x00000088      0x11c irCommunication.o
 .debug_frame   0x000001a4      0x714 natives.o
 .debug_frame   0x000008b8      0x1dc elisa3aseba.o
 .debug_frame   0x00000a94       0x94 leds.o
 .debug_frame   0x00000b28      0x3bc motors.o
 .debug_frame   0x00000ee4       0x24 ports_io.o
 .debug_frame   0x00000f08       0xb8 usart.o
 .debug_frame   0x00000fc0       0xe4 behaviors.o
 .debug_frame   0x000010a4       0xac speed_control.o
 .debug_frame   0x00001150       0x8c adc.o
 .debug_frame   0x000011dc      0x130 sensors.o
 .debug_frame   0x0000130c       0xa4 twimaster.o
 .debug_frame   0x000013b0       0x9c utility.o
 .debug_frame   0x0000144c       0xe0 ir_remote_control.o
 .debug_frame   0x0000152c      0x294 mirf.o
 .debug_frame   0x000017c0       0x74 spi.o
 .debug_frame   0x00001834      0x11c vm-buffer.o
 .debug_frame   0x00001950      0x2bc vm.o

.debug_str      0x00000000     0x3272
 *(.debug_str)
 .debug_str     0x00000000      0x1f0 eepromIO.o
                                0x224 (size before relaxing)
 .debug_str     0x000001f0      0x23d elisa_natives.o
                                0x423 (size before relaxing)
 .debug_str     0x0000042d      0x584 irCommunication.o
                                0x736 (size before relaxing)
 .debug_str     0x000009b1      0xbb9 natives.o
                                0xe6c (size before relaxing)
 .debug_str     0x0000156a      0x851 elisa3aseba.o
                                0xf10 (size before relaxing)
 .debug_str     0x00001dbb       0x58 leds.o
                                0x243 (size before relaxing)
 .debug_str     0x00001e13      0x50b motors.o
                                0x794 (size before relaxing)
 .debug_str     0x0000231e       0x2d ports_io.o
                                0x1b2 (size before relaxing)
 .debug_str     0x0000234b       0x87 usart.o
                                0x24b (size before relaxing)
 .debug_str     0x000023d2      0x3e2 variables.o
                                0xe9c (size before relaxing)
 .debug_str     0x000027b4       0x66 behaviors.o
                                0x2df (size before relaxing)
 .debug_str     0x0000281a       0x28 speed_control.o
                                0x301 (size before relaxing)
 .debug_str     0x00002842       0x1f adc.o
                                0x5c4 (size before relaxing)
 .debug_str     0x00002861       0xb4 sensors.o
                                0x470 (size before relaxing)
 .debug_str     0x00002915       0x2f twimaster.o
                                0x216 (size before relaxing)
 .debug_str     0x00002944       0x84 utility.o
                                0x391 (size before relaxing)
 .debug_str     0x000029c8       0x9c ir_remote_control.o
                                0x3f1 (size before relaxing)
 .debug_str     0x00002a64      0x1a9 mirf.o
                                0x529 (size before relaxing)
 .debug_str     0x00002c0d       0x23 spi.o
                                0x208 (size before relaxing)
 .debug_str     0x00002c30       0xee vm-buffer.o
                                0x9de (size before relaxing)
 .debug_str     0x00002d1e      0x554 vm.o
                                0xdb1 (size before relaxing)

.debug_loc      0x00000000    0x107f9
 *(.debug_loc)
 .debug_loc     0x00000000      0x3f5 elisa_natives.o
 .debug_loc     0x000003f5      0x24c irCommunication.o
 .debug_loc     0x00000641     0x4fff natives.o
 .debug_loc     0x00005640     0x1526 elisa3aseba.o
 .debug_loc     0x00006b66       0x84 leds.o
 .debug_loc     0x00006bea     0x1e4a motors.o
 .debug_loc     0x00008a34       0xc2 usart.o
 .debug_loc     0x00008af6      0x492 behaviors.o
 .debug_loc     0x00008f88      0x17e speed_control.o
 .debug_loc     0x00009106      0x18f adc.o
 .debug_loc     0x00009295      0x5db sensors.o
 .debug_loc     0x00009870      0x17a twimaster.o
 .debug_loc     0x000099ea       0xbc utility.o
 .debug_loc     0x00009aa6      0x199 ir_remote_control.o
 .debug_loc     0x00009c3f      0xa4a mirf.o
 .debug_loc     0x0000a689      0x259 spi.o
 .debug_loc     0x0000a8e2     0x1a98 vm-buffer.o
 .debug_loc     0x0000c37a     0x447f vm.o

.debug_macinfo
 *(.debug_macinfo)

.debug_weaknames
 *(.debug_weaknames)

.debug_funcnames
 *(.debug_funcnames)

.debug_typenames
 *(.debug_typenames)

.debug_varnames
 *(.debug_varnames)

.debug_pubtypes
 *(.debug_pubtypes)

.debug_ranges   0x00000000     0x1188
 *(.debug_ranges)
 .debug_ranges  0x00000000       0x18 eepromIO.o
 .debug_ranges  0x00000018       0x28 elisa_natives.o
 .debug_ranges  0x00000040       0x68 irCommunication.o
 .debug_ranges  0x000000a8      0x3b8 natives.o
 .debug_ranges  0x00000460      0x100 elisa3aseba.o
 .debug_ranges  0x00000560       0x48 leds.o
 .debug_ranges  0x000005a8      0x160 motors.o
 .debug_ranges  0x00000708       0x10 ports_io.o
 .debug_ranges  0x00000718       0x48 usart.o
 .debug_ranges  0x00000760       0x40 behaviors.o
 .debug_ranges  0x000007a0       0x20 speed_control.o
 .debug_ranges  0x000007c0       0x18 adc.o
 .debug_ranges  0x000007d8       0x70 sensors.o
 .debug_ranges  0x00000848       0x50 twimaster.o
 .debug_ranges  0x00000898       0x40 utility.o
 .debug_ranges  0x000008d8       0x40 ir_remote_control.o
 .debug_ranges  0x00000918       0xf0 mirf.o
 .debug_ranges  0x00000a08       0x90 spi.o
 .debug_ranges  0x00000a98      0x178 vm-buffer.o
 .debug_ranges  0x00000c10      0x578 vm.o

.debug_macro
 *(.debug_macro)
OUTPUT(elisa3-aseba.elf elf32-avr)
LOAD linker stubs
